******************************************************************************
                  TI ARM Linker PC v16.9.3                     
******************************************************************************
>> Linked Wed May 31 10:59:17 2017

OUTPUT FILE NAME:   <Project45.out>
ENTRY POINT SYMBOL: "_c_int00"  address: 00000601


MEMORY CONFIGURATION

         name            origin    length      used     unused   attr    fill
----------------------  --------  ---------  --------  --------  ----  --------
  MAIN                  00000000   00040000  00000790  0003f870  R  X
  INFO                  00200000   00004000  00000000  00004000  R  X
  SRAM_CODE             01000000   00010000  00000220  0000fde0  RW X
  SRAM_DATA             20000000   00010000  00000220  0000fde0  RW  


SEGMENT ALLOCATION MAP

run origin  load origin   length   init length attrs members
----------  ----------- ---------- ----------- ----- -------
00000000    00000000    00000790   00000790    r-x
  00000000    00000000    000000e4   000000e4    r-- .intvecs
  000000e4    000000e4    00000684   00000684    r-x .text
  00000768    00000768    00000028   00000028    r-- .cinit
20000000    20000000    00000020   00000000    rw-
  20000000    20000000    00000020   00000000    rw- .data
2000fe00    2000fe00    00000200   00000000    rw-
  2000fe00    2000fe00    00000200   00000000    rw- .stack


SECTION ALLOCATION MAP

 output                                  attributes/
section   page    origin      length       input sections
--------  ----  ----------  ----------   ----------------
.intvecs   0    00000000    000000e4     
                  00000000    000000e4     startup_msp432p401r_ccs.obj (.intvecs:retain)

.binit     0    00000000    00000000     

.text      0    000000e4    00000684     
                  000000e4    0000032c     system_msp432p401r.obj (.text)
                  00000410    0000009c     rtsv7M4_T_le_v4SPD16_eabi.lib : memcpy_t2.obj (.text)
                  000004ac    0000007c     distanceSensor.obj (.text)
                  00000528    00000070     rtsv7M4_T_le_v4SPD16_eabi.lib : autoinit.obj (.text)
                  00000598    00000068                                   : copy_decompress_lzss.obj (.text:decompress:lzss)
                  00000600    00000054                                   : boot.obj (.text)
                  00000654    00000054                                   : exit.obj (.text)
                  000006a8    0000004c                                   : cpy_tbl.obj (.text)
                  000006f4    00000024     main.obj (.text)
                  00000718    00000018     rtsv7M4_T_le_v4SPD16_eabi.lib : args_main.obj (.text)
                  00000730    00000014                                   : _lock.obj (.text)
                  00000744    0000000e                                   : copy_decompress_none.obj (.text:decompress:none)
                  00000752    0000000e     startup_msp432p401r_ccs.obj (.text)
                  00000760    00000004     rtsv7M4_T_le_v4SPD16_eabi.lib : pre_init.obj (.text)
                  00000764    00000002                                   : mpu_init.obj (.text)
                  00000766    00000002                                   : startup.obj (.text)

.cinit     0    00000768    00000028     
                  00000768    00000015     (.cinit..data.load) [load image, compression = lzss]
                  0000077d    00000003     --HOLE-- [fill = 0]
                  00000780    00000008     (__TI_handler_table)
                  00000788    00000008     (__TI_cinit_table)

.init_array 
*          0    00000000    00000000     UNINITIALIZED

.data      0    20000000    00000020     UNINITIALIZED
                  20000000    0000000c     rtsv7M4_T_le_v4SPD16_eabi.lib : exit.obj (.data:$O1$$)
                  2000000c    00000008                                   : _lock.obj (.data:$O1$$)
                  20000014    00000004     distanceSensor.obj (.data)
                  20000018    00000004     rtsv7M4_T_le_v4SPD16_eabi.lib : stkdepth_vars.obj (.data)
                  2000001c    00000004     system_msp432p401r.obj (.data)

.stack     0    2000fe00    00000200     UNINITIALIZED
                  2000fe00    00000200     --HOLE--

MODULE SUMMARY

       Module                        code   ro data   rw data
       ------                        ----   -------   -------
    .\
       system_msp432p401r.obj        812    0         8      
       startup_msp432p401r_ccs.obj   14     228       0      
       distanceSensor.obj            124    0         8      
       main.obj                      36     0         0      
    +--+-----------------------------+------+---------+---------+
       Total:                        986    228       16     
                                                             
    C:\ti\ccsv7\tools\compiler\ti-cgt-arm_16.9.3.LTS\lib\rtsv7M4_T_le_v4SPD16_eabi.lib
       memcpy_t2.obj                 156    0         0      
       autoinit.obj                  112    0         0      
       exit.obj                      84     0         24     
       copy_decompress_lzss.obj      104    0         0      
       boot.obj                      84     0         0      
       cpy_tbl.obj                   76     0         0      
       _lock.obj                     20     0         16     
       args_main.obj                 24     0         0      
       copy_decompress_none.obj      14     0         0      
       stkdepth_vars.obj             0      0         8      
       pre_init.obj                  4      0         0      
       mpu_init.obj                  2      0         0      
       startup.obj                   2      0         0      
    +--+-----------------------------+------+---------+---------+
       Total:                        682    0         48     
                                                             
       Stack:                        0      0         1024   
       Linker Generated:             0      37        0      
    +--+-----------------------------+------+---------+---------+
       Grand Total:                  1668   265       1088   


LINKER GENERATED COPY TABLES

__TI_cinit_table @ 00000788 records: 1, size/record: 8, table size: 8
	.data: load addr=00000768, load size=00000015 bytes, run addr=20000000, run size=00000020 bytes, compression=lzss


LINKER GENERATED HANDLER TABLE

__TI_handler_table @ 00000780 records: 2, size/record: 4, table size: 8
	index: 0, handler: __TI_decompress_lzss
	index: 1, handler: __TI_decompress_none


GLOBAL SYMBOLS: SORTED ALPHABETICALLY BY Name 

address   name                           
-------   ----                           
0000075f  ADC14_IRQHandler               
0000075f  AES256_IRQHandler              
0000075f  BusFault_Handler               
00000655  C$$EXIT                        
0000075f  COMP_E0_IRQHandler             
0000075f  COMP_E1_IRQHandler             
0000075f  CS_IRQHandler                  
0000075f  DMA_ERR_IRQHandler             
0000075f  DMA_INT0_IRQHandler            
0000075f  DMA_INT1_IRQHandler            
0000075f  DMA_INT2_IRQHandler            
0000075f  DMA_INT3_IRQHandler            
0000075f  DebugMon_Handler               
0000075f  Default_Handler                
0000075f  EUSCIA0_IRQHandler             
0000075f  EUSCIA1_IRQHandler             
0000075f  EUSCIA2_IRQHandler             
0000075f  EUSCIA3_IRQHandler             
0000075f  EUSCIB0_IRQHandler             
0000075f  EUSCIB1_IRQHandler             
0000075f  EUSCIB2_IRQHandler             
0000075f  EUSCIB3_IRQHandler             
0000075f  FLCTL_IRQHandler               
0000075f  FPU_IRQHandler                 
0000075f  HardFault_Handler              
0000075f  MemManage_Handler              
0000075f  NMI_Handler                    
0000075f  PCM_IRQHandler                 
0000075f  PORT1_IRQHandler               
0000075f  PORT2_IRQHandler               
0000075f  PORT3_IRQHandler               
0000075f  PORT4_IRQHandler               
0000075f  PORT5_IRQHandler               
0000075f  PORT6_IRQHandler               
0000075f  PSS_IRQHandler                 
0000075f  PendSV_Handler                 
0000075f  RTC_C_IRQHandler               
00000753  Reset_Handler                  
UNDEFED   SHT$$INIT_ARRAY$$Base          
UNDEFED   SHT$$INIT_ARRAY$$Limit         
0000075f  SVC_Handler                    
0000075f  SysTick_Handler                
2000001c  SystemCoreClock                
000000e5  SystemCoreClockUpdate          
00000359  SystemInit                     
0000075f  T32_INT1_IRQHandler            
0000075f  T32_INT2_IRQHandler            
0000075f  T32_INTC_IRQHandler            
0000075f  TA0_0_IRQHandler               
0000075f  TA0_N_IRQHandler               
0000075f  TA1_0_IRQHandler               
0000075f  TA1_N_IRQHandler               
0000075f  TA2_0_IRQHandler               
00000713  TA2_N_IRQHandler               
00000713  TA2_N_IRQHandler               
0000075f  TA3_0_IRQHandler               
0000075f  TA3_N_IRQHandler               
0000075f  UsageFault_Handler             
4000480c  WDTCTL_SYM                     
0000075f  WDT_A_IRQHandler               
20010000  __STACK_END                    
00000200  __STACK_SIZE                   
00000788  __TI_CINIT_Base                
00000790  __TI_CINIT_Limit               
00000780  __TI_Handler_Table_Base        
00000788  __TI_Handler_Table_Limit       
00000529  __TI_auto_init                 
20000000  __TI_cleanup_ptr               
00000599  __TI_decompress_lzss           
00000745  __TI_decompress_none           
20000004  __TI_dtors_ptr                 
20000008  __TI_enable_exit_profile_output
ffffffff  __TI_pprof_out_hndl            
ffffffff  __TI_prof_data_size            
ffffffff  __TI_prof_data_start           
00000000  __TI_static_base__             
00000411  __aeabi_memcpy                 
00000411  __aeabi_memcpy4                
00000411  __aeabi_memcpy8                
ffffffff  __binit__                      
ffffffff  __c_args__                     
00000765  __mpu_init                     
2000fe00  __stack                        
00000719  _args_main                     
00000601  _c_int00                       
2000000c  _lock                          
0000073f  _nop                           
00000737  _register_lock                 
00000731  _register_unlock               
00000767  _system_post_cinit             
00000761  _system_pre_init               
20000010  _unlock                        
00000659  abort                          
ffffffff  binit                          
00000503  check_distance_flag            
000004fb  clear_distance_flag            
000006a9  copy_in                        
000004ad  distance_init                  
00000661  exit                           
000004f1  get_distance                   
00000000  interruptVectors               
000006f5  main                           
20000018  main_func_sp                   
00000411  memcpy                         
000004f3  set_distance_flag              
000004cd  start_meas_distance            


GLOBAL SYMBOLS: SORTED BY Symbol Address 

address   name                           
-------   ----                           
00000000  __TI_static_base__             
00000000  interruptVectors               
000000e5  SystemCoreClockUpdate          
00000200  __STACK_SIZE                   
00000359  SystemInit                     
00000411  __aeabi_memcpy                 
00000411  __aeabi_memcpy4                
00000411  __aeabi_memcpy8                
00000411  memcpy                         
000004ad  distance_init                  
000004cd  start_meas_distance            
000004f1  get_distance                   
000004f3  set_distance_flag              
000004fb  clear_distance_flag            
00000503  check_distance_flag            
00000529  __TI_auto_init                 
00000599  __TI_decompress_lzss           
00000601  _c_int00                       
00000655  C$$EXIT                        
00000659  abort                          
00000661  exit                           
000006a9  copy_in                        
000006f5  main                           
00000713  TA2_N_IRQHandler               
00000713  TA2_N_IRQHandler               
00000719  _args_main                     
00000731  _register_unlock               
00000737  _register_lock                 
0000073f  _nop                           
00000745  __TI_decompress_none           
00000753  Reset_Handler                  
0000075f  ADC14_IRQHandler               
0000075f  AES256_IRQHandler              
0000075f  BusFault_Handler               
0000075f  COMP_E0_IRQHandler             
0000075f  COMP_E1_IRQHandler             
0000075f  CS_IRQHandler                  
0000075f  DMA_ERR_IRQHandler             
0000075f  DMA_INT0_IRQHandler            
0000075f  DMA_INT1_IRQHandler            
0000075f  DMA_INT2_IRQHandler            
0000075f  DMA_INT3_IRQHandler            
0000075f  DebugMon_Handler               
0000075f  Default_Handler                
0000075f  EUSCIA0_IRQHandler             
0000075f  EUSCIA1_IRQHandler             
0000075f  EUSCIA2_IRQHandler             
0000075f  EUSCIA3_IRQHandler             
0000075f  EUSCIB0_IRQHandler             
0000075f  EUSCIB1_IRQHandler             
0000075f  EUSCIB2_IRQHandler             
0000075f  EUSCIB3_IRQHandler             
0000075f  FLCTL_IRQHandler               
0000075f  FPU_IRQHandler                 
0000075f  HardFault_Handler              
0000075f  MemManage_Handler              
0000075f  NMI_Handler                    
0000075f  PCM_IRQHandler                 
0000075f  PORT1_IRQHandler               
0000075f  PORT2_IRQHandler               
0000075f  PORT3_IRQHandler               
0000075f  PORT4_IRQHandler               
0000075f  PORT5_IRQHandler               
0000075f  PORT6_IRQHandler               
0000075f  PSS_IRQHandler                 
0000075f  PendSV_Handler                 
0000075f  RTC_C_IRQHandler               
0000075f  SVC_Handler                    
0000075f  SysTick_Handler                
0000075f  T32_INT1_IRQHandler            
0000075f  T32_INT2_IRQHandler            
0000075f  T32_INTC_IRQHandler            
0000075f  TA0_0_IRQHandler               
0000075f  TA0_N_IRQHandler               
0000075f  TA1_0_IRQHandler               
0000075f  TA1_N_IRQHandler               
0000075f  TA2_0_IRQHandler               
0000075f  TA3_0_IRQHandler               
0000075f  TA3_N_IRQHandler               
0000075f  UsageFault_Handler             
0000075f  WDT_A_IRQHandler               
00000761  _system_pre_init               
00000765  __mpu_init                     
00000767  _system_post_cinit             
00000780  __TI_Handler_Table_Base        
00000788  __TI_CINIT_Base                
00000788  __TI_Handler_Table_Limit       
00000790  __TI_CINIT_Limit               
20000000  __TI_cleanup_ptr               
20000004  __TI_dtors_ptr                 
20000008  __TI_enable_exit_profile_output
2000000c  _lock                          
20000010  _unlock                        
20000018  main_func_sp                   
2000001c  SystemCoreClock                
2000fe00  __stack                        
20010000  __STACK_END                    
4000480c  WDTCTL_SYM                     
ffffffff  __TI_pprof_out_hndl            
ffffffff  __TI_prof_data_size            
ffffffff  __TI_prof_data_start           
ffffffff  __binit__                      
ffffffff  __c_args__                     
ffffffff  binit                          
UNDEFED   SHT$$INIT_ARRAY$$Base          
UNDEFED   SHT$$INIT_ARRAY$$Limit         

[106 symbols]
