******************************************************************************
                  TI ARM Linker PC v16.9.3                     
******************************************************************************
>> Linked Fri Jun 02 10:33:03 2017

OUTPUT FILE NAME:   <Project45.out>
ENTRY POINT SYMBOL: "_c_int00"  address: 00000721


MEMORY CONFIGURATION

         name            origin    length      used     unused   attr    fill
----------------------  --------  ---------  --------  --------  ----  --------
  MAIN                  00000000   00040000  0000088c  0003f774  R  X
  INFO                  00200000   00004000  00000000  00004000  R  X
  SRAM_CODE             01000000   00010000  00000220  0000fde0  RW X
  SRAM_DATA             20000000   00010000  00000220  0000fde0  RW  


SEGMENT ALLOCATION MAP

run origin  load origin   length   init length attrs members
----------  ----------- ---------- ----------- ----- -------
00000000    00000000    00000890   00000890    r-x
  00000000    00000000    000000e4   000000e4    r-- .intvecs
  000000e4    000000e4    00000780   00000780    r-x .text
  00000868    00000868    00000028   00000028    r-- .cinit
20000000    20000000    00000020   00000000    rw-
  20000000    20000000    00000020   00000000    rw- .data
2000fe00    2000fe00    00000200   00000000    rw-
  2000fe00    2000fe00    00000200   00000000    rw- .stack


SECTION ALLOCATION MAP

 output                                  attributes/
section   page    origin      length       input sections
--------  ----  ----------  ----------   ----------------
.intvecs   0    00000000    000000e4     
                  00000000    000000e4     startup_msp432p401r_ccs.obj (.intvecs:retain)

.binit     0    00000000    00000000     

.text      0    000000e4    00000780     
                  000000e4    0000032c     system_msp432p401r.obj (.text)
                  00000410    000000d0     main.obj (.text)
                  000004e0    000000cc     distanceSensor.obj (.text)
                  000005ac    0000009c     rtsv7M4_T_le_v4SPD16_eabi.lib : memcpy_t2.obj (.text)
                  00000648    00000070                                   : autoinit.obj (.text)
                  000006b8    00000068                                   : copy_decompress_lzss.obj (.text:decompress:lzss)
                  00000720    00000054                                   : boot.obj (.text)
                  00000774    00000054                                   : exit.obj (.text)
                  000007c8    0000004c                                   : cpy_tbl.obj (.text)
                  00000814    00000018                                   : args_main.obj (.text)
                  0000082c    00000014                                   : _lock.obj (.text)
                  00000840    0000000e                                   : copy_decompress_none.obj (.text:decompress:none)
                  0000084e    0000000e     startup_msp432p401r_ccs.obj (.text)
                  0000085c    00000004     rtsv7M4_T_le_v4SPD16_eabi.lib : pre_init.obj (.text)
                  00000860    00000002                                   : mpu_init.obj (.text)
                  00000862    00000002                                   : startup.obj (.text)

.cinit     0    00000868    00000028     
                  00000868    00000015     (.cinit..data.load) [load image, compression = lzss]
                  0000087d    00000003     --HOLE-- [fill = 0]
                  00000880    00000008     (__TI_handler_table)
                  00000888    00000008     (__TI_cinit_table)

.init_array 
*          0    00000000    00000000     UNINITIALIZED

.data      0    20000000    00000020     UNINITIALIZED
                  20000000    0000000c     rtsv7M4_T_le_v4SPD16_eabi.lib : exit.obj (.data:$O1$$)
                  2000000c    00000008                                   : _lock.obj (.data:$O1$$)
                  20000014    00000004     distanceSensor.obj (.data)
                  20000018    00000004     rtsv7M4_T_le_v4SPD16_eabi.lib : stkdepth_vars.obj (.data)
                  2000001c    00000004     system_msp432p401r.obj (.data)

.stack     0    2000fe00    00000200     UNINITIALIZED
                  2000fe00    00000200     --HOLE--

MODULE SUMMARY

       Module                        code   ro data   rw data
       ------                        ----   -------   -------
    .\
       system_msp432p401r.obj        812    0         8      
       startup_msp432p401r_ccs.obj   14     228       0      
       distanceSensor.obj            204    0         8      
       main.obj                      208    0         0      
    +--+-----------------------------+------+---------+---------+
       Total:                        1238   228       16     
                                                             
    C:\ti\ccsv7\tools\compiler\ti-cgt-arm_16.9.3.LTS\lib\rtsv7M4_T_le_v4SPD16_eabi.lib
       memcpy_t2.obj                 156    0         0      
       autoinit.obj                  112    0         0      
       exit.obj                      84     0         24     
       copy_decompress_lzss.obj      104    0         0      
       boot.obj                      84     0         0      
       cpy_tbl.obj                   76     0         0      
       _lock.obj                     20     0         16     
       args_main.obj                 24     0         0      
       copy_decompress_none.obj      14     0         0      
       stkdepth_vars.obj             0      0         8      
       pre_init.obj                  4      0         0      
       mpu_init.obj                  2      0         0      
       startup.obj                   2      0         0      
    +--+-----------------------------+------+---------+---------+
       Total:                        682    0         48     
                                                             
       Stack:                        0      0         1024   
       Linker Generated:             0      37        0      
    +--+-----------------------------+------+---------+---------+
       Grand Total:                  1920   265       1088   


LINKER GENERATED COPY TABLES

__TI_cinit_table @ 00000888 records: 1, size/record: 8, table size: 8
	.data: load addr=00000868, load size=00000015 bytes, run addr=20000000, run size=00000020 bytes, compression=lzss


LINKER GENERATED HANDLER TABLE

__TI_handler_table @ 00000880 records: 2, size/record: 4, table size: 8
	index: 0, handler: __TI_decompress_lzss
	index: 1, handler: __TI_decompress_none


GLOBAL SYMBOLS: SORTED ALPHABETICALLY BY Name 

address   name                           
-------   ----                           
0000085b  ADC14_IRQHandler               
0000085b  AES256_IRQHandler              
0000085b  BusFault_Handler               
00000775  C$$EXIT                        
0000085b  COMP_E0_IRQHandler             
0000085b  COMP_E1_IRQHandler             
0000085b  CS_IRQHandler                  
0000085b  DMA_ERR_IRQHandler             
0000085b  DMA_INT0_IRQHandler            
0000085b  DMA_INT1_IRQHandler            
0000085b  DMA_INT2_IRQHandler            
0000085b  DMA_INT3_IRQHandler            
0000085b  DebugMon_Handler               
0000085b  Default_Handler                
0000085b  EUSCIA0_IRQHandler             
0000085b  EUSCIA1_IRQHandler             
0000085b  EUSCIA2_IRQHandler             
0000085b  EUSCIA3_IRQHandler             
0000085b  EUSCIB0_IRQHandler             
0000085b  EUSCIB1_IRQHandler             
0000085b  EUSCIB2_IRQHandler             
0000085b  EUSCIB3_IRQHandler             
0000085b  FLCTL_IRQHandler               
0000085b  FPU_IRQHandler                 
0000085b  HardFault_Handler              
0000085b  MemManage_Handler              
0000085b  NMI_Handler                    
0000085b  PCM_IRQHandler                 
0000085b  PORT1_IRQHandler               
0000085b  PORT2_IRQHandler               
0000085b  PORT3_IRQHandler               
0000085b  PORT4_IRQHandler               
0000085b  PORT5_IRQHandler               
0000085b  PORT6_IRQHandler               
0000085b  PSS_IRQHandler                 
0000085b  PendSV_Handler                 
0000085b  RTC_C_IRQHandler               
0000084f  Reset_Handler                  
UNDEFED   SHT$$INIT_ARRAY$$Base          
UNDEFED   SHT$$INIT_ARRAY$$Limit         
0000085b  SVC_Handler                    
0000085b  SysTick_Handler                
2000001c  SystemCoreClock                
000000e5  SystemCoreClockUpdate          
00000359  SystemInit                     
0000085b  T32_INT1_IRQHandler            
0000085b  T32_INT2_IRQHandler            
0000085b  T32_INTC_IRQHandler            
0000085b  TA0_0_IRQHandler               
0000047d  TA0_N_IRQHandler               
0000047d  TA0_N_IRQHandler               
0000085b  TA1_0_IRQHandler               
0000085b  TA1_N_IRQHandler               
0000085b  TA2_0_IRQHandler               
0000046b  TA2_N_IRQHandler               
0000046b  TA2_N_IRQHandler               
0000085b  TA3_0_IRQHandler               
0000085b  TA3_N_IRQHandler               
0000085b  UsageFault_Handler             
4000480c  WDTCTL_SYM                     
0000085b  WDT_A_IRQHandler               
20010000  __STACK_END                    
00000200  __STACK_SIZE                   
00000888  __TI_CINIT_Base                
00000890  __TI_CINIT_Limit               
00000880  __TI_Handler_Table_Base        
00000888  __TI_Handler_Table_Limit       
00000649  __TI_auto_init                 
20000000  __TI_cleanup_ptr               
000006b9  __TI_decompress_lzss           
00000841  __TI_decompress_none           
20000004  __TI_dtors_ptr                 
20000008  __TI_enable_exit_profile_output
ffffffff  __TI_pprof_out_hndl            
ffffffff  __TI_prof_data_size            
ffffffff  __TI_prof_data_start           
00000000  __TI_static_base__             
000005ad  __aeabi_memcpy                 
000005ad  __aeabi_memcpy4                
000005ad  __aeabi_memcpy8                
ffffffff  __binit__                      
ffffffff  __c_args__                     
00000861  __mpu_init                     
2000fe00  __stack                        
00000815  _args_main                     
00000721  _c_int00                       
2000000c  _lock                          
0000083b  _nop                           
00000833  _register_lock                 
0000082d  _register_unlock               
00000863  _system_post_cinit             
0000085d  _system_pre_init               
20000010  _unlock                        
00000779  abort                          
ffffffff  binit                          
00000583  check_distance_flag            
0000057b  clear_distance_flag            
000007c9  copy_in                        
000004e1  distance_init                  
00000781  exit                           
00000571  get_distance                   
00000000  interruptVectors               
0000043d  main                           
20000018  main_func_sp                   
000005ad  memcpy                         
00000565  save_final_distance_time       
00000559  save_init_distance_time        
00000573  set_distance_flag              
00000515  start_meas_distance            


GLOBAL SYMBOLS: SORTED BY Symbol Address 

address   name                           
-------   ----                           
00000000  __TI_static_base__             
00000000  interruptVectors               
000000e5  SystemCoreClockUpdate          
00000200  __STACK_SIZE                   
00000359  SystemInit                     
0000043d  main                           
0000046b  TA2_N_IRQHandler               
0000046b  TA2_N_IRQHandler               
0000047d  TA0_N_IRQHandler               
0000047d  TA0_N_IRQHandler               
000004e1  distance_init                  
00000515  start_meas_distance            
00000559  save_init_distance_time        
00000565  save_final_distance_time       
00000571  get_distance                   
00000573  set_distance_flag              
0000057b  clear_distance_flag            
00000583  check_distance_flag            
000005ad  __aeabi_memcpy                 
000005ad  __aeabi_memcpy4                
000005ad  __aeabi_memcpy8                
000005ad  memcpy                         
00000649  __TI_auto_init                 
000006b9  __TI_decompress_lzss           
00000721  _c_int00                       
00000775  C$$EXIT                        
00000779  abort                          
00000781  exit                           
000007c9  copy_in                        
00000815  _args_main                     
0000082d  _register_unlock               
00000833  _register_lock                 
0000083b  _nop                           
00000841  __TI_decompress_none           
0000084f  Reset_Handler                  
0000085b  ADC14_IRQHandler               
0000085b  AES256_IRQHandler              
0000085b  BusFault_Handler               
0000085b  COMP_E0_IRQHandler             
0000085b  COMP_E1_IRQHandler             
0000085b  CS_IRQHandler                  
0000085b  DMA_ERR_IRQHandler             
0000085b  DMA_INT0_IRQHandler            
0000085b  DMA_INT1_IRQHandler            
0000085b  DMA_INT2_IRQHandler            
0000085b  DMA_INT3_IRQHandler            
0000085b  DebugMon_Handler               
0000085b  Default_Handler                
0000085b  EUSCIA0_IRQHandler             
0000085b  EUSCIA1_IRQHandler             
0000085b  EUSCIA2_IRQHandler             
0000085b  EUSCIA3_IRQHandler             
0000085b  EUSCIB0_IRQHandler             
0000085b  EUSCIB1_IRQHandler             
0000085b  EUSCIB2_IRQHandler             
0000085b  EUSCIB3_IRQHandler             
0000085b  FLCTL_IRQHandler               
0000085b  FPU_IRQHandler                 
0000085b  HardFault_Handler              
0000085b  MemManage_Handler              
0000085b  NMI_Handler                    
0000085b  PCM_IRQHandler                 
0000085b  PORT1_IRQHandler               
0000085b  PORT2_IRQHandler               
0000085b  PORT3_IRQHandler               
0000085b  PORT4_IRQHandler               
0000085b  PORT5_IRQHandler               
0000085b  PORT6_IRQHandler               
0000085b  PSS_IRQHandler                 
0000085b  PendSV_Handler                 
0000085b  RTC_C_IRQHandler               
0000085b  SVC_Handler                    
0000085b  SysTick_Handler                
0000085b  T32_INT1_IRQHandler            
0000085b  T32_INT2_IRQHandler            
0000085b  T32_INTC_IRQHandler            
0000085b  TA0_0_IRQHandler               
0000085b  TA1_0_IRQHandler               
0000085b  TA1_N_IRQHandler               
0000085b  TA2_0_IRQHandler               
0000085b  TA3_0_IRQHandler               
0000085b  TA3_N_IRQHandler               
0000085b  UsageFault_Handler             
0000085b  WDT_A_IRQHandler               
0000085d  _system_pre_init               
00000861  __mpu_init                     
00000863  _system_post_cinit             
00000880  __TI_Handler_Table_Base        
00000888  __TI_CINIT_Base                
00000888  __TI_Handler_Table_Limit       
00000890  __TI_CINIT_Limit               
20000000  __TI_cleanup_ptr               
20000004  __TI_dtors_ptr                 
20000008  __TI_enable_exit_profile_output
2000000c  _lock                          
20000010  _unlock                        
20000018  main_func_sp                   
2000001c  SystemCoreClock                
2000fe00  __stack                        
20010000  __STACK_END                    
4000480c  WDTCTL_SYM                     
ffffffff  __TI_pprof_out_hndl            
ffffffff  __TI_prof_data_size            
ffffffff  __TI_prof_data_start           
ffffffff  __binit__                      
ffffffff  __c_args__                     
ffffffff  binit                          
UNDEFED   SHT$$INIT_ARRAY$$Base          
UNDEFED   SHT$$INIT_ARRAY$$Limit         

[109 symbols]
