******************************************************************************
                  TI ARM Linker PC v16.9.3                     
******************************************************************************
>> Linked Wed Jun 07 17:34:56 2017

OUTPUT FILE NAME:   <Project45.out>
ENTRY POINT SYMBOL: "_c_int00"  address: 00003e25


MEMORY CONFIGURATION

         name            origin    length      used     unused   attr    fill
----------------------  --------  ---------  --------  --------  ----  --------
  MAIN                  00000000   00040000  00004335  0003bccb  R  X
  INFO                  00200000   00004000  00000000  00004000  R  X
  SRAM_CODE             01000000   00010000  000009de  0000f622  RW X
  SRAM_DATA             20000000   00010000  000009de  0000f622  RW  


SEGMENT ALLOCATION MAP

run origin  load origin   length   init length attrs members
----------  ----------- ---------- ----------- ----- -------
00000000    00000000    00004338   00004338    r-x
  00000000    00000000    000000e4   000000e4    r-- .intvecs
  000000e4    000000e4    000040b8   000040b8    r-x .text
  0000419c    0000419c    00000101   00000101    r-- .const
  000042a0    000042a0    00000098   00000098    r-- .cinit
20000000    20000000    000007de   00000000    rw-
  20000000    20000000    00000400   00000000    rw- .sysmem
  20000400    20000400    00000210   00000000    rw- .data
  20000610    20000610    000001ce   00000000    rw- .bss
2000fe00    2000fe00    00000200   00000000    rw-
  2000fe00    2000fe00    00000200   00000000    rw- .stack


SECTION ALLOCATION MAP

 output                                  attributes/
section   page    origin      length       input sections
--------  ----  ----------  ----------   ----------------
.intvecs   0    00000000    000000e4     
                  00000000    000000e4     startup_msp432p401r_ccs.obj (.intvecs:retain)

.binit     0    00000000    00000000     

.text      0    000000e4    000040b8     
                  000000e4    0000113e     rtsv7M4_T_le_v4SPD16_eabi.lib : _printfi.obj (.text)
                  00001222    00000002                                   : mpu_init.obj (.text)
                  00001224    000003d0                                   : memory.obj (.text)
                  000015f4    0000032c     system_msp432p401r.obj (.text)
                  00001920    00000324     rtsv7M4_T_le_v4SPD16_eabi.lib : trgdrv.obj (.text)
                  00001c44    0000030c                                   : lowlev.obj (.text)
                  00001f50    000002f8     freqDelay.obj (.text)
                  00002248    00000240     UARTChar.obj (.text)
                  00002488    000001f4     rtsv7M4_T_le_v4SPD16_eabi.lib : ull_div_t2.obj (.text)
                  0000267c    000001c4                                   : fopen.obj (.text)
                  00002840    000001c0     distanceSensor.obj (.text)
                  00002a00    000001c0     lcd.obj (.text)
                  00002bc0    000001bc     main.obj (.text)
                  00002d7c    000001b6     rtsv7M4_T_le_v4SPD16_eabi.lib : fd_add_t2.obj (.text)
                  00002f32    00000136                                   : fd_div_t2.obj (.text)
                  00003068    00000134                                   : fputs.obj (.text)
                  0000319c    000000fc                                   : fd_mul_t2.obj (.text)
                  00003298    000000fc                                   : s_scalbn.obj (.text)
                  00003394    000000dc                                   : setvbuf.obj (.text)
                  00003470    000000dc     ui.obj (.text)
                  0000354c    000000cc     rtsv7M4_T_le_v4SPD16_eabi.lib : perror.obj (.text)
                  00003618    000000c8                                   : fflush.obj (.text)
                  000036e0    000000ac                                   : _io_perm.obj (.text)
                  0000378c    0000009c                                   : memcpy_t2.obj (.text)
                  00003828    00000098                                   : fclose.obj (.text)
                  000038c0    00000098                                   : fputc.obj (.text)
                  00003958    00000086                                   : fd_cmp_t2.obj (.text:__aeabi_cdcmple)
                  000039de    00000086                                   : fd_cmp_t2.obj (.text:__aeabi_cdrcmple)
                  00003a64    0000007a                                   : memset_t2.obj (.text)
                  00003ade    00000002                                   : startup.obj (.text)
                  00003ae0    00000070                                   : autoinit.obj (.text)
                  00003b50    00000070                                   : printf.obj (.text)
                  00003bc0    0000006c                                   : fprintf.obj (.text)
                  00003c2c    00000068                                   : copy_decompress_lzss.obj (.text:decompress:lzss)
                  00003c94    00000068                                   : trgmsg.obj (.text)
                  00003cfc    00000064                                   : fseek.obj (.text)
                  00003d60    00000064                                   : s_frexp.obj (.text)
                  00003dc4    00000060                                   : sprintf.obj (.text)
                  00003e24    00000054                                   : boot.obj (.text)
                  00003e78    00000054                                   : exit.obj (.text)
                  00003ecc    00000054                                   : ltoa.obj (.text)
                  00003f20    0000004c                                   : atoi.obj (.text)
                  00003f6c    0000004c                                   : cpy_tbl.obj (.text)
                  00003fb8    00000048                                   : fd_toi_t2.obj (.text)
                  00004000    00000038                                   : fs_tod_t2.obj (.text)
                  00004038    00000036                                   : strncpy.obj (.text)
                  0000406e    0000002e                                   : i_tofd_t2.obj (.text)
                  0000409c    00000020                                   : memchr.obj (.text)
                  000040bc    0000001c                                   : memccpy.obj (.text)
                  000040d8    00000018                                   : args_main.obj (.text)
                  000040f0    00000018                                   : strcmp.obj (.text)
                  00004108    00000016                                   : strchr.obj (.text)
                  0000411e    00000002     --HOLE-- [fill = 0]
                  00004120    00000014                                   : _lock.obj (.text)
                  00004134    00000014                                   : s_copysign.obj (.text)
                  00004148    00000014                                   : strcpy.obj (.text)
                  0000415c    00000014                                   : strlen.obj (.text)
                  00004170    0000000e                                   : copy_decompress_none.obj (.text:decompress:none)
                  0000417e    0000000e     startup_msp432p401r_ccs.obj (.text)
                  0000418c    0000000c     rtsv7M4_T_le_v4SPD16_eabi.lib : copy_zero_init.obj (.text:decompress:ZI)
                  00004198    00000004                                   : pre_init.obj (.text)

.const     0    0000419c    00000101     
                  0000419c    00000101     rtsv7M4_T_le_v4SPD16_eabi.lib : ctype.obj (.const:.string:_ctypes_)

.cinit     0    000042a0    00000098     
                  000042a0    00000074     (.cinit..data.load) [load image, compression = lzss]
                  00004314    0000000c     (__TI_handler_table)
                  00004320    00000008     (.cinit..bss.load) [load image, compression = zero_init]
                  00004328    00000010     (__TI_cinit_table)

.init_array 
*          0    00000000    00000000     UNINITIALIZED

.sysmem    0    20000000    00000400     UNINITIALIZED
                  20000000    00000008     rtsv7M4_T_le_v4SPD16_eabi.lib : memory.obj (.sysmem)
                  20000008    000003f8     --HOLE--

.data      0    20000400    00000210     UNINITIALIZED
                  20000400    000000f0     rtsv7M4_T_le_v4SPD16_eabi.lib : defs.obj (.data:_ftable)
                  200004f0    000000d0                                   : lowlev.obj (.data:$O1$$)
                  200005c0    00000010                                   : defs.obj (.data)
                  200005d0    0000000c                                   : exit.obj (.data:$O1$$)
                  200005dc    0000000c                                   : memory.obj (.data:$O1$$)
                  200005e8    0000000c     distanceSensor.obj (.data)
                  200005f4    00000008     rtsv7M4_T_le_v4SPD16_eabi.lib : _lock.obj (.data:$O1$$)
                  200005fc    00000004     main.obj (.data)
                  20000600    00000004     rtsv7M4_T_le_v4SPD16_eabi.lib : errno.obj (.data)
                  20000604    00000004                                   : fopen.obj (.data)
                  20000608    00000004                                   : stkdepth_vars.obj (.data)
                  2000060c    00000004     system_msp432p401r.obj (.data)

.bss       0    20000610    000001ce     UNINITIALIZED
                  20000610    00000120     rtsv7M4_T_le_v4SPD16_eabi.lib : trgmsg.obj (.bss:_CIOBUF_)
                  20000730    000000a0     (.common:__TI_tmpnams)
                  200007d0    00000008                                   : trgdrv.obj (.bss:parmbuf)
                  200007d8    00000006     main.obj (.bss)

.stack     0    2000fe00    00000200     UNINITIALIZED
                  2000fe00    00000200     --HOLE--

MODULE SUMMARY

       Module                        code    ro data   rw data
       ------                        ----    -------   -------
    .\
       system_msp432p401r.obj        812     0         8      
       freqDelay.obj                 760     0         0      
       UARTChar.obj                  576     0         0      
       distanceSensor.obj            448     0         24     
       main.obj                      444     0         20     
       lcd.obj                       448     0         0      
       startup_msp432p401r_ccs.obj   14      228       0      
       ui.obj                        220     0         0      
    +--+-----------------------------+-------+---------+---------+
       Total:                        3722    228       52     
                                                              
    C:\ti\ccsv7\tools\compiler\ti-cgt-arm_16.9.3.LTS\lib\rtsv7M4_T_le_v4SPD16_eabi.lib
       _printfi.obj                  4414    0         0      
       lowlev.obj                    780     0         416    
       memory.obj                    976     0         24     
       defs.obj                      0       0         832    
       trgdrv.obj                    804     0         16     
       trgmsg.obj                    104     0         576    
       ull_div_t2.obj                500     0         0      
       fopen.obj                     452     0         8      
       fd_add_t2.obj                 438     0         0      
       fd_div_t2.obj                 310     0         0      
       fputs.obj                     308     0         0      
       fd_cmp_t2.obj                 268     0         0      
       ctype.obj                     0       257       0      
       fd_mul_t2.obj                 252     0         0      
       s_scalbn.obj                  252     0         0      
       setvbuf.obj                   220     0         0      
       perror.obj                    204     0         0      
       fflush.obj                    200     0         0      
       _io_perm.obj                  172     0         0      
       memcpy_t2.obj                 156     0         0      
       fclose.obj                    152     0         0      
       fputc.obj                     152     0         0      
       memset_t2.obj                 122     0         0      
       autoinit.obj                  112     0         0      
       printf.obj                    112     0         0      
       exit.obj                      84      0         24     
       fprintf.obj                   108     0         0      
       copy_decompress_lzss.obj      104     0         0      
       fseek.obj                     100     0         0      
       s_frexp.obj                   100     0         0      
       sprintf.obj                   96      0         0      
       boot.obj                      84      0         0      
       ltoa.obj                      84      0         0      
       atoi.obj                      76      0         0      
       cpy_tbl.obj                   76      0         0      
       fd_toi_t2.obj                 72      0         0      
       fs_tod_t2.obj                 56      0         0      
       strncpy.obj                   54      0         0      
       i_tofd_t2.obj                 46      0         0      
       _lock.obj                     20      0         16     
       memchr.obj                    32      0         0      
       memccpy.obj                   28      0         0      
       args_main.obj                 24      0         0      
       strcmp.obj                    24      0         0      
       strchr.obj                    22      0         0      
       s_copysign.obj                20      0         0      
       strcpy.obj                    20      0         0      
       strlen.obj                    20      0         0      
       copy_decompress_none.obj      14      0         0      
       copy_zero_init.obj            12      0         0      
       errno.obj                     0       0         8      
       stkdepth_vars.obj             0       0         8      
       pre_init.obj                  4       0         0      
       mpu_init.obj                  2       0         0      
       startup.obj                   2       0         0      
    +--+-----------------------------+-------+---------+---------+
       Total:                        12844   257       1928   
                                                              
       Heap:                         0       0         2048   
       Stack:                        0       0         1024   
       Linker Generated:             0       152       0      
    +--+-----------------------------+-------+---------+---------+
       Grand Total:                  16566   637       5052   


LINKER GENERATED COPY TABLES

__TI_cinit_table @ 00004328 records: 2, size/record: 8, table size: 16
	.data: load addr=000042a0, load size=00000074 bytes, run addr=20000400, run size=00000210 bytes, compression=lzss
	.bss: load addr=00004320, load size=00000008 bytes, run addr=20000610, run size=000001ce bytes, compression=zero_init


LINKER GENERATED HANDLER TABLE

__TI_handler_table @ 00004314 records: 3, size/record: 4, table size: 12
	index: 0, handler: __TI_decompress_lzss
	index: 1, handler: __TI_decompress_none
	index: 2, handler: __TI_zero_init


GLOBAL SYMBOLS: SORTED ALPHABETICALLY BY Name 

address   name                           
-------   ----                           
0000418b  ADC14_IRQHandler               
0000418b  AES256_IRQHandler              
0000418b  BusFault_Handler               
00003e79  C$$EXIT                        
00003cc3  C$$IO$$                        
0000418b  COMP_E0_IRQHandler             
0000418b  COMP_E1_IRQHandler             
0000418b  CS_IRQHandler                  
00002a01  Clear_LCD                      
0000418b  DMA_ERR_IRQHandler             
0000418b  DMA_INT0_IRQHandler            
0000418b  DMA_INT1_IRQHandler            
0000418b  DMA_INT2_IRQHandler            
0000418b  DMA_INT3_IRQHandler            
0000418b  DebugMon_Handler               
0000418b  Default_Handler                
00002301  Drive_DAC                      
0000418b  EUSCIA0_IRQHandler             
0000418b  EUSCIA1_IRQHandler             
00002cf9  EUSCIA2_IRQHandler             
00002cf9  EUSCIA2_IRQHandler             
0000418b  EUSCIA3_IRQHandler             
0000418b  EUSCIB0_IRQHandler             
0000418b  EUSCIB1_IRQHandler             
0000418b  EUSCIB2_IRQHandler             
0000418b  EUSCIB3_IRQHandler             
0000418b  FLCTL_IRQHandler               
0000418b  FPU_IRQHandler                 
00001bfb  HOSTclock                      
00001bc3  HOSTclose                      
00001b85  HOSTgetenv                     
00001b29  HOSTlseek                      
00001ad7  HOSTopen                       
00001a8b  HOSTread                       
00001a2d  HOSTrename                     
000019f3  HOSTtime                       
000019a5  HOSTtime64                     
0000196d  HOSTunlink                     
00001921  HOSTwrite                      
0000418b  HardFault_Handler              
00002a15  Home_LCD                       
00002b4b  LCD_command                    
00002b89  LCD_data                       
00002a83  LCD_init                       
00002af1  LCD_nibble_write               
0000418b  MemManage_Handler              
0000418b  NMI_Handler                    
0000418b  PCM_IRQHandler                 
0000418b  PORT1_IRQHandler               
0000418b  PORT2_IRQHandler               
0000418b  PORT3_IRQHandler               
0000418b  PORT4_IRQHandler               
0000418b  PORT5_IRQHandler               
0000418b  PORT6_IRQHandler               
0000418b  PSS_IRQHandler                 
0000418b  PendSV_Handler                 
0000418b  RTC_C_IRQHandler               
0000417f  Reset_Handler                  
UNDEFED   SHT$$INIT_ARRAY$$Base          
UNDEFED   SHT$$INIT_ARRAY$$Limit         
0000418b  SVC_Handler                    
00002a29  SetCursorLocation              
0000418b  SysTick_Handler                
2000060c  SystemCoreClock                
000015f5  SystemCoreClockUpdate          
00001869  SystemInit                     
0000418b  T32_INT1_IRQHandler            
0000418b  T32_INT2_IRQHandler            
0000418b  T32_INTC_IRQHandler            
0000418b  TA0_0_IRQHandler               
00002c9d  TA0_N_IRQHandler               
00002c9d  TA0_N_IRQHandler               
0000418b  TA1_0_IRQHandler               
0000418b  TA1_N_IRQHandler               
0000418b  TA2_0_IRQHandler               
00002c81  TA2_N_IRQHandler               
00002c81  TA2_N_IRQHandler               
0000418b  TA3_0_IRQHandler               
0000418b  TA3_N_IRQHandler               
00002249  UART2_init                     
0000418b  UsageFault_Handler             
4000480c  WDTCTL_SYM                     
0000418b  WDT_A_IRQHandler               
00002a41  WriteCharacter                 
00002a5b  WriteLine                      
20000610  __CIOBUF_                      
20010000  __STACK_END                    
00000200  __STACK_SIZE                   
00000400  __SYSMEM_SIZE                  
00004328  __TI_CINIT_Base                
00004338  __TI_CINIT_Limit               
00004314  __TI_Handler_Table_Base        
00004320  __TI_Handler_Table_Limit       
00003ae1  __TI_auto_init                 
00002745  __TI_cleanup                   
200005d0  __TI_cleanup_ptr               
00003829  __TI_closefile                 
00003c2d  __TI_decompress_lzss           
00004171  __TI_decompress_none           
00003619  __TI_doflush                   
200005d4  __TI_dtors_ptr                 
200005d8  __TI_enable_exit_profile_output
200005c0  __TI_ft_end                    
ffffffff  __TI_pprof_out_hndl            
00000929  __TI_printfi                   
ffffffff  __TI_prof_data_size            
ffffffff  __TI_prof_data_start           
00003743  __TI_rd_ok                     
00003cc7  __TI_readmsg                   
00000000  __TI_static_base__             
20000730  __TI_tmpnams                   
00003c95  __TI_writemsg                  
000036e1  __TI_wrt_ok                    
0000418d  __TI_zero_init                 
00003959  __aeabi_cdcmpeq                
00003959  __aeabi_cdcmple                
000039df  __aeabi_cdrcmple               
00003fb9  __aeabi_d2iz                   
00002d87  __aeabi_dadd                   
00002f33  __aeabi_ddiv                   
0000319d  __aeabi_dmul                   
00002d7d  __aeabi_dsub                   
00004001  __aeabi_f2d                    
0000406f  __aeabi_i2d                    
00003a65  __aeabi_memclr                 
00003a65  __aeabi_memclr4                
00003a65  __aeabi_memclr8                
0000378d  __aeabi_memcpy                 
0000378d  __aeabi_memcpy4                
0000378d  __aeabi_memcpy8                
00003a67  __aeabi_memset                 
00003a67  __aeabi_memset4                
00003a67  __aeabi_memset8                
200005cc  __aeabi_stderr                 
200005c4  __aeabi_stdin                  
200005c8  __aeabi_stdout                 
00002489  __aeabi_uldivmod               
ffffffff  __binit__                      
ffffffff  __c_args__                     
00001223  __mpu_init                     
2000fe00  __stack                        
000040d9  _args_main                     
00003e25  _c_int00                       
0000419c  _ctypes_                       
20000400  _ftable                        
200005f4  _lock                          
0000412f  _nop                           
00004127  _register_lock                 
00004121  _register_unlock               
20000000  _sys_memory                    
00003adf  _system_post_cinit             
00004199  _system_pre_init               
200005f8  _unlock                        
00003e7d  abort                          
00001ea5  add_device                     
00003f21  atoi                           
ffffffff  binit                          
000015c5  calloc                         
000029a7  check_distance_flag            
00002977  check_distance_rising_flag     
00003509  clear_UI_sensor_status         
0000299f  clear_distance_flag            
00001e55  close                          
00003f6d  copy_in                        
00004135  copysign                       
00004135  copysignl                      
00001f51  delay_ms                       
00001fe9  delay_ns                       
0000296f  detect_distance_falling_flag   
00002967  detect_distance_rising_flag    
00002841  distance_init                  
20000600  errno                          
00003e85  exit                           
0000388f  fclose                         
00003665  fflush                         
0000279b  fopen                          
00003bc9  fprintf                        
000038c1  fputc                          
00003069  fputs                          
0000130f  free                           
00002771  freopen                        
00003d61  frexp                          
00003d61  frexpl                         
00003cfd  fseek                          
000022a9  get_DAC_value                  
0000293b  get_distance                   
00002351  initSPI                        
00003471  init_UI                        
00000000  interruptVectors               
000022e7  is_proper_DAC                  
00003299  ldexp                          
00003299  ldexpl                         
00001e31  lseek                          
00003ecd  ltoa                           
00002bed  main                           
20000608  main_func_sp                   
000012a5  malloc                         
000014d9  memalign                       
000040bd  memccpy                        
0000409d  memchr                         
0000378d  memcpy                         
00003a6d  memset                         
00001225  minit                          
00001d83  open                           
0000354d  perror                         
000023eb  print_float_to_terminal        
000023a7  print_to_terminal              
00003b59  printf                         
000038c1  putc                           
00003945  putchar                        
00003175  puts                           
00001d5f  read                           
000013d1  realloc                        
00001cd5  remove                         
00001d37  remove_device                  
00001cf9  rename                         
00002921  save_final_distance_time       
0000290d  save_init_distance_time        
00002983  save_pulse_time                
00003299  scalbn                         
00003299  scalbnl                        
00002081  set_DCO                        
000034f1  set_UI_sensor_status           
00002997  set_distance_flag              
00003395  setvbuf                        
00003dc5  sprintf                        
000028ed  start_meas_distance            
00004109  strchr                         
000040f1  strcmp                         
00004149  strcpy                         
0000415d  strlen                         
00004039  strncpy                        
00001cd5  unlink                         
000034c3  update_UI_distance             
00001c45  write                          


GLOBAL SYMBOLS: SORTED BY Symbol Address 

address   name                           
-------   ----                           
00000000  __TI_static_base__             
00000000  interruptVectors               
00000200  __STACK_SIZE                   
00000400  __SYSMEM_SIZE                  
00000929  __TI_printfi                   
00001223  __mpu_init                     
00001225  minit                          
000012a5  malloc                         
0000130f  free                           
000013d1  realloc                        
000014d9  memalign                       
000015c5  calloc                         
000015f5  SystemCoreClockUpdate          
00001869  SystemInit                     
00001921  HOSTwrite                      
0000196d  HOSTunlink                     
000019a5  HOSTtime64                     
000019f3  HOSTtime                       
00001a2d  HOSTrename                     
00001a8b  HOSTread                       
00001ad7  HOSTopen                       
00001b29  HOSTlseek                      
00001b85  HOSTgetenv                     
00001bc3  HOSTclose                      
00001bfb  HOSTclock                      
00001c45  write                          
00001cd5  remove                         
00001cd5  unlink                         
00001cf9  rename                         
00001d37  remove_device                  
00001d5f  read                           
00001d83  open                           
00001e31  lseek                          
00001e55  close                          
00001ea5  add_device                     
00001f51  delay_ms                       
00001fe9  delay_ns                       
00002081  set_DCO                        
00002249  UART2_init                     
000022a9  get_DAC_value                  
000022e7  is_proper_DAC                  
00002301  Drive_DAC                      
00002351  initSPI                        
000023a7  print_to_terminal              
000023eb  print_float_to_terminal        
00002489  __aeabi_uldivmod               
00002745  __TI_cleanup                   
00002771  freopen                        
0000279b  fopen                          
00002841  distance_init                  
000028ed  start_meas_distance            
0000290d  save_init_distance_time        
00002921  save_final_distance_time       
0000293b  get_distance                   
00002967  detect_distance_rising_flag    
0000296f  detect_distance_falling_flag   
00002977  check_distance_rising_flag     
00002983  save_pulse_time                
00002997  set_distance_flag              
0000299f  clear_distance_flag            
000029a7  check_distance_flag            
00002a01  Clear_LCD                      
00002a15  Home_LCD                       
00002a29  SetCursorLocation              
00002a41  WriteCharacter                 
00002a5b  WriteLine                      
00002a83  LCD_init                       
00002af1  LCD_nibble_write               
00002b4b  LCD_command                    
00002b89  LCD_data                       
00002bed  main                           
00002c81  TA2_N_IRQHandler               
00002c81  TA2_N_IRQHandler               
00002c9d  TA0_N_IRQHandler               
00002c9d  TA0_N_IRQHandler               
00002cf9  EUSCIA2_IRQHandler             
00002cf9  EUSCIA2_IRQHandler             
00002d7d  __aeabi_dsub                   
00002d87  __aeabi_dadd                   
00002f33  __aeabi_ddiv                   
00003069  fputs                          
00003175  puts                           
0000319d  __aeabi_dmul                   
00003299  ldexp                          
00003299  ldexpl                         
00003299  scalbn                         
00003299  scalbnl                        
00003395  setvbuf                        
00003471  init_UI                        
000034c3  update_UI_distance             
000034f1  set_UI_sensor_status           
00003509  clear_UI_sensor_status         
0000354d  perror                         
00003619  __TI_doflush                   
00003665  fflush                         
000036e1  __TI_wrt_ok                    
00003743  __TI_rd_ok                     
0000378d  __aeabi_memcpy                 
0000378d  __aeabi_memcpy4                
0000378d  __aeabi_memcpy8                
0000378d  memcpy                         
00003829  __TI_closefile                 
0000388f  fclose                         
000038c1  fputc                          
000038c1  putc                           
00003945  putchar                        
00003959  __aeabi_cdcmpeq                
00003959  __aeabi_cdcmple                
000039df  __aeabi_cdrcmple               
00003a65  __aeabi_memclr                 
00003a65  __aeabi_memclr4                
00003a65  __aeabi_memclr8                
00003a67  __aeabi_memset                 
00003a67  __aeabi_memset4                
00003a67  __aeabi_memset8                
00003a6d  memset                         
00003adf  _system_post_cinit             
00003ae1  __TI_auto_init                 
00003b59  printf                         
00003bc9  fprintf                        
00003c2d  __TI_decompress_lzss           
00003c95  __TI_writemsg                  
00003cc3  C$$IO$$                        
00003cc7  __TI_readmsg                   
00003cfd  fseek                          
00003d61  frexp                          
00003d61  frexpl                         
00003dc5  sprintf                        
00003e25  _c_int00                       
00003e79  C$$EXIT                        
00003e7d  abort                          
00003e85  exit                           
00003ecd  ltoa                           
00003f21  atoi                           
00003f6d  copy_in                        
00003fb9  __aeabi_d2iz                   
00004001  __aeabi_f2d                    
00004039  strncpy                        
0000406f  __aeabi_i2d                    
0000409d  memchr                         
000040bd  memccpy                        
000040d9  _args_main                     
000040f1  strcmp                         
00004109  strchr                         
00004121  _register_unlock               
00004127  _register_lock                 
0000412f  _nop                           
00004135  copysign                       
00004135  copysignl                      
00004149  strcpy                         
0000415d  strlen                         
00004171  __TI_decompress_none           
0000417f  Reset_Handler                  
0000418b  ADC14_IRQHandler               
0000418b  AES256_IRQHandler              
0000418b  BusFault_Handler               
0000418b  COMP_E0_IRQHandler             
0000418b  COMP_E1_IRQHandler             
0000418b  CS_IRQHandler                  
0000418b  DMA_ERR_IRQHandler             
0000418b  DMA_INT0_IRQHandler            
0000418b  DMA_INT1_IRQHandler            
0000418b  DMA_INT2_IRQHandler            
0000418b  DMA_INT3_IRQHandler            
0000418b  DebugMon_Handler               
0000418b  Default_Handler                
0000418b  EUSCIA0_IRQHandler             
0000418b  EUSCIA1_IRQHandler             
0000418b  EUSCIA3_IRQHandler             
0000418b  EUSCIB0_IRQHandler             
0000418b  EUSCIB1_IRQHandler             
0000418b  EUSCIB2_IRQHandler             
0000418b  EUSCIB3_IRQHandler             
0000418b  FLCTL_IRQHandler               
0000418b  FPU_IRQHandler                 
0000418b  HardFault_Handler              
0000418b  MemManage_Handler              
0000418b  NMI_Handler                    
0000418b  PCM_IRQHandler                 
0000418b  PORT1_IRQHandler               
0000418b  PORT2_IRQHandler               
0000418b  PORT3_IRQHandler               
0000418b  PORT4_IRQHandler               
0000418b  PORT5_IRQHandler               
0000418b  PORT6_IRQHandler               
0000418b  PSS_IRQHandler                 
0000418b  PendSV_Handler                 
0000418b  RTC_C_IRQHandler               
0000418b  SVC_Handler                    
0000418b  SysTick_Handler                
0000418b  T32_INT1_IRQHandler            
0000418b  T32_INT2_IRQHandler            
0000418b  T32_INTC_IRQHandler            
0000418b  TA0_0_IRQHandler               
0000418b  TA1_0_IRQHandler               
0000418b  TA1_N_IRQHandler               
0000418b  TA2_0_IRQHandler               
0000418b  TA3_0_IRQHandler               
0000418b  TA3_N_IRQHandler               
0000418b  UsageFault_Handler             
0000418b  WDT_A_IRQHandler               
0000418d  __TI_zero_init                 
00004199  _system_pre_init               
0000419c  _ctypes_                       
00004314  __TI_Handler_Table_Base        
00004320  __TI_Handler_Table_Limit       
00004328  __TI_CINIT_Base                
00004338  __TI_CINIT_Limit               
20000000  _sys_memory                    
20000400  _ftable                        
200005c0  __TI_ft_end                    
200005c4  __aeabi_stdin                  
200005c8  __aeabi_stdout                 
200005cc  __aeabi_stderr                 
200005d0  __TI_cleanup_ptr               
200005d4  __TI_dtors_ptr                 
200005d8  __TI_enable_exit_profile_output
200005f4  _lock                          
200005f8  _unlock                        
20000600  errno                          
20000608  main_func_sp                   
2000060c  SystemCoreClock                
20000610  __CIOBUF_                      
20000730  __TI_tmpnams                   
2000fe00  __stack                        
20010000  __STACK_END                    
4000480c  WDTCTL_SYM                     
ffffffff  __TI_pprof_out_hndl            
ffffffff  __TI_prof_data_size            
ffffffff  __TI_prof_data_start           
ffffffff  __binit__                      
ffffffff  __c_args__                     
ffffffff  binit                          
UNDEFED   SHT$$INIT_ARRAY$$Base          
UNDEFED   SHT$$INIT_ARRAY$$Limit         

[235 symbols]
