******************************************************************************
                  TI ARM Linker PC v16.9.3                     
******************************************************************************
>> Linked Mon Jun 05 10:59:56 2017

OUTPUT FILE NAME:   <Project45.out>
ENTRY POINT SYMBOL: "_c_int00"  address: 00003a41


MEMORY CONFIGURATION

         name            origin    length      used     unused   attr    fill
----------------------  --------  ---------  --------  --------  ----  --------
  MAIN                  00000000   00040000  00003f51  0003c0af  R  X
  INFO                  00200000   00004000  00000000  00004000  R  X
  SRAM_CODE             01000000   00010000  000009de  0000f622  RW X
  SRAM_DATA             20000000   00010000  000009de  0000f622  RW  


SEGMENT ALLOCATION MAP

run origin  load origin   length   init length attrs members
----------  ----------- ---------- ----------- ----- -------
00000000    00000000    00003f58   00003f58    r-x
  00000000    00000000    000000e4   000000e4    r-- .intvecs
  000000e4    000000e4    00003cd4   00003cd4    r-x .text
  00003db8    00003db8    00000101   00000101    r-- .const
  00003ec0    00003ec0    00000098   00000098    r-- .cinit
20000000    20000000    000007de   00000000    rw-
  20000000    20000000    00000400   00000000    rw- .sysmem
  20000400    20000400    00000210   00000000    rw- .data
  20000610    20000610    000001ce   00000000    rw- .bss
2000fe00    2000fe00    00000200   00000000    rw-
  2000fe00    2000fe00    00000200   00000000    rw- .stack


SECTION ALLOCATION MAP

 output                                  attributes/
section   page    origin      length       input sections
--------  ----  ----------  ----------   ----------------
.intvecs   0    00000000    000000e4     
                  00000000    000000e4     startup_msp432p401r_ccs.obj (.intvecs:retain)

.binit     0    00000000    00000000     

.text      0    000000e4    00003cd4     
                  000000e4    0000113e     rtsv7M4_T_le_v4SPD16_eabi.lib : _printfi.obj (.text)
                  00001222    00000002                                   : mpu_init.obj (.text)
                  00001224    000003d0                                   : memory.obj (.text)
                  000015f4    0000032c     system_msp432p401r.obj (.text)
                  00001920    00000324     rtsv7M4_T_le_v4SPD16_eabi.lib : trgdrv.obj (.text)
                  00001c44    0000030c                                   : lowlev.obj (.text)
                  00001f50    000002f8     freqDelay.obj (.text)
                  00002248    000001f4     rtsv7M4_T_le_v4SPD16_eabi.lib : ull_div_t2.obj (.text)
                  0000243c    000001c4                                   : fopen.obj (.text)
                  00002600    000001c0     lcd.obj (.text)
                  000027c0    000001b6     rtsv7M4_T_le_v4SPD16_eabi.lib : fd_add_t2.obj (.text)
                  00002976    00000002                                   : startup.obj (.text)
                  00002978    00000178     distanceSensor.obj (.text)
                  00002af0    00000136     rtsv7M4_T_le_v4SPD16_eabi.lib : fd_div_t2.obj (.text)
                  00002c26    00000002     --HOLE-- [fill = 0]
                  00002c28    00000134                                   : fputs.obj (.text)
                  00002d5c    00000128     main.obj (.text)
                  00002e84    000000fc     rtsv7M4_T_le_v4SPD16_eabi.lib : fd_mul_t2.obj (.text)
                  00002f80    000000fc                                   : s_scalbn.obj (.text)
                  0000307c    000000dc                                   : setvbuf.obj (.text)
                  00003158    000000dc     ui.obj (.text)
                  00003234    000000c8     rtsv7M4_T_le_v4SPD16_eabi.lib : fflush.obj (.text)
                  000032fc    000000ac                                   : _io_perm.obj (.text)
                  000033a8    0000009c                                   : memcpy_t2.obj (.text)
                  00003444    00000098                                   : fclose.obj (.text)
                  000034dc    00000098                                   : fputc.obj (.text)
                  00003574    00000086                                   : fd_cmp_t2.obj (.text:__aeabi_cdcmple)
                  000035fa    00000086                                   : fd_cmp_t2.obj (.text:__aeabi_cdrcmple)
                  00003680    0000007a                                   : memset_t2.obj (.text)
                  000036fa    00000002     --HOLE-- [fill = 0]
                  000036fc    00000070                                   : autoinit.obj (.text)
                  0000376c    00000070                                   : printf.obj (.text)
                  000037dc    0000006c                                   : fprintf.obj (.text)
                  00003848    00000068                                   : copy_decompress_lzss.obj (.text:decompress:lzss)
                  000038b0    00000068                                   : trgmsg.obj (.text)
                  00003918    00000064                                   : fseek.obj (.text)
                  0000397c    00000064                                   : s_frexp.obj (.text)
                  000039e0    00000060                                   : sprintf.obj (.text)
                  00003a40    00000054                                   : boot.obj (.text)
                  00003a94    00000054                                   : exit.obj (.text)
                  00003ae8    00000054                                   : ltoa.obj (.text)
                  00003b3c    0000004c                                   : atoi.obj (.text)
                  00003b88    0000004c                                   : cpy_tbl.obj (.text)
                  00003bd4    00000048                                   : fd_toi_t2.obj (.text)
                  00003c1c    00000038                                   : fs_tod_t2.obj (.text)
                  00003c54    00000036                                   : strncpy.obj (.text)
                  00003c8a    0000002e                                   : i_tofd_t2.obj (.text)
                  00003cb8    00000020                                   : memchr.obj (.text)
                  00003cd8    0000001c                                   : memccpy.obj (.text)
                  00003cf4    00000018                                   : args_main.obj (.text)
                  00003d0c    00000018                                   : strcmp.obj (.text)
                  00003d24    00000016                                   : strchr.obj (.text)
                  00003d3a    00000002     --HOLE-- [fill = 0]
                  00003d3c    00000014                                   : _lock.obj (.text)
                  00003d50    00000014                                   : s_copysign.obj (.text)
                  00003d64    00000014                                   : strcpy.obj (.text)
                  00003d78    00000014                                   : strlen.obj (.text)
                  00003d8c    0000000e                                   : copy_decompress_none.obj (.text:decompress:none)
                  00003d9a    0000000e     startup_msp432p401r_ccs.obj (.text)
                  00003da8    0000000c     rtsv7M4_T_le_v4SPD16_eabi.lib : copy_zero_init.obj (.text:decompress:ZI)
                  00003db4    00000004                                   : pre_init.obj (.text)

.const     0    00003db8    00000101     
                  00003db8    00000101     rtsv7M4_T_le_v4SPD16_eabi.lib : ctype.obj (.const:.string:_ctypes_)

.cinit     0    00003ec0    00000098     
                  00003ec0    00000074     (.cinit..data.load) [load image, compression = lzss]
                  00003f34    0000000c     (__TI_handler_table)
                  00003f40    00000008     (.cinit..bss.load) [load image, compression = zero_init]
                  00003f48    00000010     (__TI_cinit_table)

.init_array 
*          0    00000000    00000000     UNINITIALIZED

.sysmem    0    20000000    00000400     UNINITIALIZED
                  20000000    00000008     rtsv7M4_T_le_v4SPD16_eabi.lib : memory.obj (.sysmem)
                  20000008    000003f8     --HOLE--

.data      0    20000400    00000210     UNINITIALIZED
                  20000400    000000f0     rtsv7M4_T_le_v4SPD16_eabi.lib : defs.obj (.data:_ftable)
                  200004f0    000000d0                                   : lowlev.obj (.data:$O1$$)
                  200005c0    00000010                                   : defs.obj (.data)
                  200005d0    0000000c                                   : exit.obj (.data:$O1$$)
                  200005dc    0000000c                                   : memory.obj (.data:$O1$$)
                  200005e8    0000000c     distanceSensor.obj (.data)
                  200005f4    00000008     rtsv7M4_T_le_v4SPD16_eabi.lib : _lock.obj (.data:$O1$$)
                  200005fc    00000004     main.obj (.data)
                  20000600    00000004     rtsv7M4_T_le_v4SPD16_eabi.lib : errno.obj (.data)
                  20000604    00000004                                   : fopen.obj (.data)
                  20000608    00000004                                   : stkdepth_vars.obj (.data)
                  2000060c    00000004     system_msp432p401r.obj (.data)

.bss       0    20000610    000001ce     UNINITIALIZED
                  20000610    00000120     rtsv7M4_T_le_v4SPD16_eabi.lib : trgmsg.obj (.bss:_CIOBUF_)
                  20000730    000000a0     (.common:__TI_tmpnams)
                  200007d0    00000008                                   : trgdrv.obj (.bss:parmbuf)
                  200007d8    00000006     main.obj (.bss)

.stack     0    2000fe00    00000200     UNINITIALIZED
                  2000fe00    00000200     --HOLE--

MODULE SUMMARY

       Module                        code    ro data   rw data
       ------                        ----    -------   -------
    .\
       system_msp432p401r.obj        812     0         8      
       freqDelay.obj                 760     0         0      
       lcd.obj                       448     0         0      
       distanceSensor.obj            376     0         24     
       main.obj                      296     0         20     
       startup_msp432p401r_ccs.obj   14      228       0      
       ui.obj                        220     0         0      
    +--+-----------------------------+-------+---------+---------+
       Total:                        2926    228       52     
                                                              
    C:\ti\ccsv7\tools\compiler\ti-cgt-arm_16.9.3.LTS\lib\rtsv7M4_T_le_v4SPD16_eabi.lib
       _printfi.obj                  4414    0         0      
       lowlev.obj                    780     0         416    
       memory.obj                    976     0         24     
       defs.obj                      0       0         832    
       trgdrv.obj                    804     0         16     
       trgmsg.obj                    104     0         576    
       ull_div_t2.obj                500     0         0      
       fopen.obj                     452     0         8      
       fd_add_t2.obj                 438     0         0      
       fd_div_t2.obj                 310     0         0      
       fputs.obj                     308     0         0      
       fd_cmp_t2.obj                 268     0         0      
       ctype.obj                     0       257       0      
       fd_mul_t2.obj                 252     0         0      
       s_scalbn.obj                  252     0         0      
       setvbuf.obj                   220     0         0      
       fflush.obj                    200     0         0      
       _io_perm.obj                  172     0         0      
       memcpy_t2.obj                 156     0         0      
       fclose.obj                    152     0         0      
       fputc.obj                     152     0         0      
       memset_t2.obj                 122     0         0      
       autoinit.obj                  112     0         0      
       printf.obj                    112     0         0      
       exit.obj                      84      0         24     
       fprintf.obj                   108     0         0      
       copy_decompress_lzss.obj      104     0         0      
       fseek.obj                     100     0         0      
       s_frexp.obj                   100     0         0      
       sprintf.obj                   96      0         0      
       boot.obj                      84      0         0      
       ltoa.obj                      84      0         0      
       atoi.obj                      76      0         0      
       cpy_tbl.obj                   76      0         0      
       fd_toi_t2.obj                 72      0         0      
       fs_tod_t2.obj                 56      0         0      
       strncpy.obj                   54      0         0      
       i_tofd_t2.obj                 46      0         0      
       _lock.obj                     20      0         16     
       memchr.obj                    32      0         0      
       memccpy.obj                   28      0         0      
       args_main.obj                 24      0         0      
       strcmp.obj                    24      0         0      
       strchr.obj                    22      0         0      
       s_copysign.obj                20      0         0      
       strcpy.obj                    20      0         0      
       strlen.obj                    20      0         0      
       copy_decompress_none.obj      14      0         0      
       copy_zero_init.obj            12      0         0      
       errno.obj                     0       0         8      
       stkdepth_vars.obj             0       0         8      
       pre_init.obj                  4       0         0      
       mpu_init.obj                  2       0         0      
       startup.obj                   2       0         0      
    +--+-----------------------------+-------+---------+---------+
       Total:                        12640   257       1928   
                                                              
       Heap:                         0       0         2048   
       Stack:                        0       0         1024   
       Linker Generated:             0       152       0      
    +--+-----------------------------+-------+---------+---------+
       Grand Total:                  15566   637       5052   


LINKER GENERATED COPY TABLES

__TI_cinit_table @ 00003f48 records: 2, size/record: 8, table size: 16
	.data: load addr=00003ec0, load size=00000074 bytes, run addr=20000400, run size=00000210 bytes, compression=lzss
	.bss: load addr=00003f40, load size=00000008 bytes, run addr=20000610, run size=000001ce bytes, compression=zero_init


LINKER GENERATED HANDLER TABLE

__TI_handler_table @ 00003f34 records: 3, size/record: 4, table size: 12
	index: 0, handler: __TI_decompress_lzss
	index: 1, handler: __TI_decompress_none
	index: 2, handler: __TI_zero_init


GLOBAL SYMBOLS: SORTED ALPHABETICALLY BY Name 

address   name                           
-------   ----                           
00003da7  ADC14_IRQHandler               
00003da7  AES256_IRQHandler              
00003da7  BusFault_Handler               
00003a95  C$$EXIT                        
000038df  C$$IO$$                        
00003da7  COMP_E0_IRQHandler             
00003da7  COMP_E1_IRQHandler             
00003da7  CS_IRQHandler                  
00002601  Clear_LCD                      
00003da7  DMA_ERR_IRQHandler             
00003da7  DMA_INT0_IRQHandler            
00003da7  DMA_INT1_IRQHandler            
00003da7  DMA_INT2_IRQHandler            
00003da7  DMA_INT3_IRQHandler            
00003da7  DebugMon_Handler               
00003da7  Default_Handler                
00003da7  EUSCIA0_IRQHandler             
00003da7  EUSCIA1_IRQHandler             
00003da7  EUSCIA2_IRQHandler             
00003da7  EUSCIA3_IRQHandler             
00003da7  EUSCIB0_IRQHandler             
00003da7  EUSCIB1_IRQHandler             
00003da7  EUSCIB2_IRQHandler             
00003da7  EUSCIB3_IRQHandler             
00003da7  FLCTL_IRQHandler               
00003da7  FPU_IRQHandler                 
00001bfb  HOSTclock                      
00001bc3  HOSTclose                      
00001b85  HOSTgetenv                     
00001b29  HOSTlseek                      
00001ad7  HOSTopen                       
00001a8b  HOSTread                       
00001a2d  HOSTrename                     
000019f3  HOSTtime                       
000019a5  HOSTtime64                     
0000196d  HOSTunlink                     
00001921  HOSTwrite                      
00003da7  HardFault_Handler              
00002615  Home_LCD                       
0000274b  LCD_command                    
00002789  LCD_data                       
00002683  LCD_init                       
000026f1  LCD_nibble_write               
00003da7  MemManage_Handler              
00003da7  NMI_Handler                    
00003da7  PCM_IRQHandler                 
00003da7  PORT1_IRQHandler               
00003da7  PORT2_IRQHandler               
00003da7  PORT3_IRQHandler               
00003da7  PORT4_IRQHandler               
00003da7  PORT5_IRQHandler               
00003da7  PORT6_IRQHandler               
00003da7  PSS_IRQHandler                 
00003da7  PendSV_Handler                 
00003da7  RTC_C_IRQHandler               
00003d9b  Reset_Handler                  
UNDEFED   SHT$$INIT_ARRAY$$Base          
UNDEFED   SHT$$INIT_ARRAY$$Limit         
00003da7  SVC_Handler                    
00002629  SetCursorLocation              
00003da7  SysTick_Handler                
2000060c  SystemCoreClock                
000015f5  SystemCoreClockUpdate          
00001869  SystemInit                     
00003da7  T32_INT1_IRQHandler            
00003da7  T32_INT2_IRQHandler            
00003da7  T32_INTC_IRQHandler            
00003da7  TA0_0_IRQHandler               
00002df1  TA0_N_IRQHandler               
00002df1  TA0_N_IRQHandler               
00003da7  TA1_0_IRQHandler               
00003da7  TA1_N_IRQHandler               
00003da7  TA2_0_IRQHandler               
00002dd5  TA2_N_IRQHandler               
00002dd5  TA2_N_IRQHandler               
00003da7  TA3_0_IRQHandler               
00003da7  TA3_N_IRQHandler               
00003da7  UsageFault_Handler             
4000480c  WDTCTL_SYM                     
00003da7  WDT_A_IRQHandler               
00002641  WriteCharacter                 
0000265b  WriteLine                      
20000610  __CIOBUF_                      
20010000  __STACK_END                    
00000200  __STACK_SIZE                   
00000400  __SYSMEM_SIZE                  
00003f48  __TI_CINIT_Base                
00003f58  __TI_CINIT_Limit               
00003f34  __TI_Handler_Table_Base        
00003f40  __TI_Handler_Table_Limit       
000036fd  __TI_auto_init                 
00002505  __TI_cleanup                   
200005d0  __TI_cleanup_ptr               
00003445  __TI_closefile                 
00003849  __TI_decompress_lzss           
00003d8d  __TI_decompress_none           
00003235  __TI_doflush                   
200005d4  __TI_dtors_ptr                 
200005d8  __TI_enable_exit_profile_output
200005c0  __TI_ft_end                    
ffffffff  __TI_pprof_out_hndl            
00000929  __TI_printfi                   
ffffffff  __TI_prof_data_size            
ffffffff  __TI_prof_data_start           
0000335f  __TI_rd_ok                     
000038e3  __TI_readmsg                   
00000000  __TI_static_base__             
20000730  __TI_tmpnams                   
000038b1  __TI_writemsg                  
000032fd  __TI_wrt_ok                    
00003da9  __TI_zero_init                 
00003575  __aeabi_cdcmpeq                
00003575  __aeabi_cdcmple                
000035fb  __aeabi_cdrcmple               
00003bd5  __aeabi_d2iz                   
000027cb  __aeabi_dadd                   
00002af1  __aeabi_ddiv                   
00002e85  __aeabi_dmul                   
000027c1  __aeabi_dsub                   
00003c1d  __aeabi_f2d                    
00003c8b  __aeabi_i2d                    
00003681  __aeabi_memclr                 
00003681  __aeabi_memclr4                
00003681  __aeabi_memclr8                
000033a9  __aeabi_memcpy                 
000033a9  __aeabi_memcpy4                
000033a9  __aeabi_memcpy8                
00003683  __aeabi_memset                 
00003683  __aeabi_memset4                
00003683  __aeabi_memset8                
200005cc  __aeabi_stderr                 
200005c4  __aeabi_stdin                  
200005c8  __aeabi_stdout                 
00002249  __aeabi_uldivmod               
ffffffff  __binit__                      
ffffffff  __c_args__                     
00001223  __mpu_init                     
2000fe00  __stack                        
00003cf5  _args_main                     
00003a41  _c_int00                       
00003db8  _ctypes_                       
20000400  _ftable                        
200005f4  _lock                          
00003d4b  _nop                           
00003d43  _register_lock                 
00003d3d  _register_unlock               
20000000  _sys_memory                    
00002977  _system_post_cinit             
00003db5  _system_pre_init               
200005f8  _unlock                        
00003a99  abort                          
00001ea5  add_device                     
00003b3d  atoi                           
ffffffff  binit                          
000015c5  calloc                         
00002aa7  check_distance_flag            
00002a89  check_distance_rising_flag     
000031f1  clear_UI_sensor_status         
00002a9f  clear_distance_flag            
00001e55  close                          
00003b89  copy_in                        
00003d51  copysign                       
00003d51  copysignl                      
00001f51  delay_ms                       
00001fe9  delay_ns                       
00002a81  detect_distance_falling_flag   
00002a79  detect_distance_rising_flag    
00002979  distance_init                  
20000600  errno                          
00003aa1  exit                           
000034ab  fclose                         
00003281  fflush                         
0000255b  fopen                          
000037e5  fprintf                        
000034dd  fputc                          
00002c29  fputs                          
0000130f  free                           
00002531  freopen                        
0000397d  frexp                          
0000397d  frexpl                         
00003919  fseek                          
00002a73  get_distance                   
00003159  init_UI                        
00000000  interruptVectors               
00002f81  ldexp                          
00002f81  ldexpl                         
00001e31  lseek                          
00003ae9  ltoa                           
00002d89  main                           
20000608  main_func_sp                   
000012a5  malloc                         
000014d9  memalign                       
00003cd9  memccpy                        
00003cb9  memchr                         
000033a9  memcpy                         
00003689  memset                         
00001225  minit                          
00001d83  open                           
00003775  printf                         
000034dd  putc                           
00003561  putchar                        
00002d35  puts                           
00001d5f  read                           
000013d1  realloc                        
00001cd5  remove                         
00001d37  remove_device                  
00001cf9  rename                         
00002a59  save_final_distance_time       
00002a45  save_init_distance_time        
00002f81  scalbn                         
00002f81  scalbnl                        
00002081  set_DCO                        
000031d9  set_UI_sensor_status           
00002a97  set_distance_flag              
0000307d  setvbuf                        
000039e1  sprintf                        
00002a25  start_meas_distance            
00003d25  strchr                         
00003d0d  strcmp                         
00003d65  strcpy                         
00003d79  strlen                         
00003c55  strncpy                        
00001cd5  unlink                         
000031ab  update_UI_distance             
00001c45  write                          


GLOBAL SYMBOLS: SORTED BY Symbol Address 

address   name                           
-------   ----                           
00000000  __TI_static_base__             
00000000  interruptVectors               
00000200  __STACK_SIZE                   
00000400  __SYSMEM_SIZE                  
00000929  __TI_printfi                   
00001223  __mpu_init                     
00001225  minit                          
000012a5  malloc                         
0000130f  free                           
000013d1  realloc                        
000014d9  memalign                       
000015c5  calloc                         
000015f5  SystemCoreClockUpdate          
00001869  SystemInit                     
00001921  HOSTwrite                      
0000196d  HOSTunlink                     
000019a5  HOSTtime64                     
000019f3  HOSTtime                       
00001a2d  HOSTrename                     
00001a8b  HOSTread                       
00001ad7  HOSTopen                       
00001b29  HOSTlseek                      
00001b85  HOSTgetenv                     
00001bc3  HOSTclose                      
00001bfb  HOSTclock                      
00001c45  write                          
00001cd5  remove                         
00001cd5  unlink                         
00001cf9  rename                         
00001d37  remove_device                  
00001d5f  read                           
00001d83  open                           
00001e31  lseek                          
00001e55  close                          
00001ea5  add_device                     
00001f51  delay_ms                       
00001fe9  delay_ns                       
00002081  set_DCO                        
00002249  __aeabi_uldivmod               
00002505  __TI_cleanup                   
00002531  freopen                        
0000255b  fopen                          
00002601  Clear_LCD                      
00002615  Home_LCD                       
00002629  SetCursorLocation              
00002641  WriteCharacter                 
0000265b  WriteLine                      
00002683  LCD_init                       
000026f1  LCD_nibble_write               
0000274b  LCD_command                    
00002789  LCD_data                       
000027c1  __aeabi_dsub                   
000027cb  __aeabi_dadd                   
00002977  _system_post_cinit             
00002979  distance_init                  
00002a25  start_meas_distance            
00002a45  save_init_distance_time        
00002a59  save_final_distance_time       
00002a73  get_distance                   
00002a79  detect_distance_rising_flag    
00002a81  detect_distance_falling_flag   
00002a89  check_distance_rising_flag     
00002a97  set_distance_flag              
00002a9f  clear_distance_flag            
00002aa7  check_distance_flag            
00002af1  __aeabi_ddiv                   
00002c29  fputs                          
00002d35  puts                           
00002d89  main                           
00002dd5  TA2_N_IRQHandler               
00002dd5  TA2_N_IRQHandler               
00002df1  TA0_N_IRQHandler               
00002df1  TA0_N_IRQHandler               
00002e85  __aeabi_dmul                   
00002f81  ldexp                          
00002f81  ldexpl                         
00002f81  scalbn                         
00002f81  scalbnl                        
0000307d  setvbuf                        
00003159  init_UI                        
000031ab  update_UI_distance             
000031d9  set_UI_sensor_status           
000031f1  clear_UI_sensor_status         
00003235  __TI_doflush                   
00003281  fflush                         
000032fd  __TI_wrt_ok                    
0000335f  __TI_rd_ok                     
000033a9  __aeabi_memcpy                 
000033a9  __aeabi_memcpy4                
000033a9  __aeabi_memcpy8                
000033a9  memcpy                         
00003445  __TI_closefile                 
000034ab  fclose                         
000034dd  fputc                          
000034dd  putc                           
00003561  putchar                        
00003575  __aeabi_cdcmpeq                
00003575  __aeabi_cdcmple                
000035fb  __aeabi_cdrcmple               
00003681  __aeabi_memclr                 
00003681  __aeabi_memclr4                
00003681  __aeabi_memclr8                
00003683  __aeabi_memset                 
00003683  __aeabi_memset4                
00003683  __aeabi_memset8                
00003689  memset                         
000036fd  __TI_auto_init                 
00003775  printf                         
000037e5  fprintf                        
00003849  __TI_decompress_lzss           
000038b1  __TI_writemsg                  
000038df  C$$IO$$                        
000038e3  __TI_readmsg                   
00003919  fseek                          
0000397d  frexp                          
0000397d  frexpl                         
000039e1  sprintf                        
00003a41  _c_int00                       
00003a95  C$$EXIT                        
00003a99  abort                          
00003aa1  exit                           
00003ae9  ltoa                           
00003b3d  atoi                           
00003b89  copy_in                        
00003bd5  __aeabi_d2iz                   
00003c1d  __aeabi_f2d                    
00003c55  strncpy                        
00003c8b  __aeabi_i2d                    
00003cb9  memchr                         
00003cd9  memccpy                        
00003cf5  _args_main                     
00003d0d  strcmp                         
00003d25  strchr                         
00003d3d  _register_unlock               
00003d43  _register_lock                 
00003d4b  _nop                           
00003d51  copysign                       
00003d51  copysignl                      
00003d65  strcpy                         
00003d79  strlen                         
00003d8d  __TI_decompress_none           
00003d9b  Reset_Handler                  
00003da7  ADC14_IRQHandler               
00003da7  AES256_IRQHandler              
00003da7  BusFault_Handler               
00003da7  COMP_E0_IRQHandler             
00003da7  COMP_E1_IRQHandler             
00003da7  CS_IRQHandler                  
00003da7  DMA_ERR_IRQHandler             
00003da7  DMA_INT0_IRQHandler            
00003da7  DMA_INT1_IRQHandler            
00003da7  DMA_INT2_IRQHandler            
00003da7  DMA_INT3_IRQHandler            
00003da7  DebugMon_Handler               
00003da7  Default_Handler                
00003da7  EUSCIA0_IRQHandler             
00003da7  EUSCIA1_IRQHandler             
00003da7  EUSCIA2_IRQHandler             
00003da7  EUSCIA3_IRQHandler             
00003da7  EUSCIB0_IRQHandler             
00003da7  EUSCIB1_IRQHandler             
00003da7  EUSCIB2_IRQHandler             
00003da7  EUSCIB3_IRQHandler             
00003da7  FLCTL_IRQHandler               
00003da7  FPU_IRQHandler                 
00003da7  HardFault_Handler              
00003da7  MemManage_Handler              
00003da7  NMI_Handler                    
00003da7  PCM_IRQHandler                 
00003da7  PORT1_IRQHandler               
00003da7  PORT2_IRQHandler               
00003da7  PORT3_IRQHandler               
00003da7  PORT4_IRQHandler               
00003da7  PORT5_IRQHandler               
00003da7  PORT6_IRQHandler               
00003da7  PSS_IRQHandler                 
00003da7  PendSV_Handler                 
00003da7  RTC_C_IRQHandler               
00003da7  SVC_Handler                    
00003da7  SysTick_Handler                
00003da7  T32_INT1_IRQHandler            
00003da7  T32_INT2_IRQHandler            
00003da7  T32_INTC_IRQHandler            
00003da7  TA0_0_IRQHandler               
00003da7  TA1_0_IRQHandler               
00003da7  TA1_N_IRQHandler               
00003da7  TA2_0_IRQHandler               
00003da7  TA3_0_IRQHandler               
00003da7  TA3_N_IRQHandler               
00003da7  UsageFault_Handler             
00003da7  WDT_A_IRQHandler               
00003da9  __TI_zero_init                 
00003db5  _system_pre_init               
00003db8  _ctypes_                       
00003f34  __TI_Handler_Table_Base        
00003f40  __TI_Handler_Table_Limit       
00003f48  __TI_CINIT_Base                
00003f58  __TI_CINIT_Limit               
20000000  _sys_memory                    
20000400  _ftable                        
200005c0  __TI_ft_end                    
200005c4  __aeabi_stdin                  
200005c8  __aeabi_stdout                 
200005cc  __aeabi_stderr                 
200005d0  __TI_cleanup_ptr               
200005d4  __TI_dtors_ptr                 
200005d8  __TI_enable_exit_profile_output
200005f4  _lock                          
200005f8  _unlock                        
20000600  errno                          
20000608  main_func_sp                   
2000060c  SystemCoreClock                
20000610  __CIOBUF_                      
20000730  __TI_tmpnams                   
2000fe00  __stack                        
20010000  __STACK_END                    
4000480c  WDTCTL_SYM                     
ffffffff  __TI_pprof_out_hndl            
ffffffff  __TI_prof_data_size            
ffffffff  __TI_prof_data_start           
ffffffff  __binit__                      
ffffffff  __c_args__                     
ffffffff  binit                          
UNDEFED   SHT$$INIT_ARRAY$$Base          
UNDEFED   SHT$$INIT_ARRAY$$Limit         

[225 symbols]
