******************************************************************************
                  TI ARM Linker PC v16.9.3                     
******************************************************************************
>> Linked Fri Jun 02 14:45:56 2017

OUTPUT FILE NAME:   <Project45.out>
ENTRY POINT SYMBOL: "_c_int00"  address: 0000398d


MEMORY CONFIGURATION

         name            origin    length      used     unused   attr    fill
----------------------  --------  ---------  --------  --------  ----  --------
  MAIN                  00000000   00040000  00003e9d  0003c163  R  X
  INFO                  00200000   00004000  00000000  00004000  R  X
  SRAM_CODE             01000000   00010000  000009d0  0000f630  RW X
  SRAM_DATA             20000000   00010000  000009d0  0000f630  RW  


SEGMENT ALLOCATION MAP

run origin  load origin   length   init length attrs members
----------  ----------- ---------- ----------- ----- -------
00000000    00000000    00003ea0   00003ea0    r-x
  00000000    00000000    000000e4   000000e4    r-- .intvecs
  000000e4    000000e4    00003c20   00003c20    r-x .text
  00003d04    00003d04    00000101   00000101    r-- .const
  00003e08    00003e08    00000098   00000098    r-- .cinit
20000000    20000000    000007d0   00000000    rw-
  20000000    20000000    00000400   00000000    rw- .sysmem
  20000400    20000400    00000208   00000000    rw- .data
  20000608    20000608    000001c8   00000000    rw- .bss
2000fe00    2000fe00    00000200   00000000    rw-
  2000fe00    2000fe00    00000200   00000000    rw- .stack


SECTION ALLOCATION MAP

 output                                  attributes/
section   page    origin      length       input sections
--------  ----  ----------  ----------   ----------------
.intvecs   0    00000000    000000e4     
                  00000000    000000e4     startup_msp432p401r_ccs.obj (.intvecs:retain)

.binit     0    00000000    00000000     

.text      0    000000e4    00003c20     
                  000000e4    0000113e     rtsv7M4_T_le_v4SPD16_eabi.lib : _printfi.obj (.text)
                  00001222    00000002                                   : mpu_init.obj (.text)
                  00001224    000003d0                                   : memory.obj (.text)
                  000015f4    0000032c     system_msp432p401r.obj (.text)
                  00001920    00000324     rtsv7M4_T_le_v4SPD16_eabi.lib : trgdrv.obj (.text)
                  00001c44    0000030c                                   : lowlev.obj (.text)
                  00001f50    000002f8     freqDelay.obj (.text)
                  00002248    000001f4     rtsv7M4_T_le_v4SPD16_eabi.lib : ull_div_t2.obj (.text)
                  0000243c    000001c4                                   : fopen.obj (.text)
                  00002600    000001c0     lcd.obj (.text)
                  000027c0    000001b6     rtsv7M4_T_le_v4SPD16_eabi.lib : fd_add_t2.obj (.text)
                  00002976    00000136                                   : fd_div_t2.obj (.text)
                  00002aac    00000134                                   : fputs.obj (.text)
                  00002be0    000000fc                                   : fd_mul_t2.obj (.text)
                  00002cdc    000000fc                                   : s_scalbn.obj (.text)
                  00002dd8    000000f8     main.obj (.text)
                  00002ed0    000000f0     distanceSensor.obj (.text)
                  00002fc0    000000e4     ui.obj (.text)
                  000030a4    000000dc     rtsv7M4_T_le_v4SPD16_eabi.lib : setvbuf.obj (.text)
                  00003180    000000c8                                   : fflush.obj (.text)
                  00003248    000000ac                                   : _io_perm.obj (.text)
                  000032f4    0000009c                                   : memcpy_t2.obj (.text)
                  00003390    00000098                                   : fclose.obj (.text)
                  00003428    00000098                                   : fputc.obj (.text)
                  000034c0    00000086                                   : fd_cmp_t2.obj (.text:__aeabi_cdcmple)
                  00003546    00000086                                   : fd_cmp_t2.obj (.text:__aeabi_cdrcmple)
                  000035cc    0000007a                                   : memset_t2.obj (.text)
                  00003646    00000002                                   : startup.obj (.text)
                  00003648    00000070                                   : autoinit.obj (.text)
                  000036b8    00000070                                   : printf.obj (.text)
                  00003728    0000006c                                   : fprintf.obj (.text)
                  00003794    00000068                                   : copy_decompress_lzss.obj (.text:decompress:lzss)
                  000037fc    00000068                                   : trgmsg.obj (.text)
                  00003864    00000064                                   : fseek.obj (.text)
                  000038c8    00000064                                   : s_frexp.obj (.text)
                  0000392c    00000060                                   : sprintf.obj (.text)
                  0000398c    00000054                                   : boot.obj (.text)
                  000039e0    00000054                                   : exit.obj (.text)
                  00003a34    00000054                                   : ltoa.obj (.text)
                  00003a88    0000004c                                   : atoi.obj (.text)
                  00003ad4    0000004c                                   : cpy_tbl.obj (.text)
                  00003b20    00000048                                   : fd_toi_t2.obj (.text)
                  00003b68    00000038                                   : fs_tod_t2.obj (.text)
                  00003ba0    00000036                                   : strncpy.obj (.text)
                  00003bd6    0000002e                                   : i_tofd_t2.obj (.text)
                  00003c04    00000020                                   : memchr.obj (.text)
                  00003c24    0000001c                                   : memccpy.obj (.text)
                  00003c40    00000018                                   : args_main.obj (.text)
                  00003c58    00000018                                   : strcmp.obj (.text)
                  00003c70    00000016                                   : strchr.obj (.text)
                  00003c86    00000002     --HOLE-- [fill = 0]
                  00003c88    00000014                                   : _lock.obj (.text)
                  00003c9c    00000014                                   : s_copysign.obj (.text)
                  00003cb0    00000014                                   : strcpy.obj (.text)
                  00003cc4    00000014                                   : strlen.obj (.text)
                  00003cd8    0000000e                                   : copy_decompress_none.obj (.text:decompress:none)
                  00003ce6    0000000e     startup_msp432p401r_ccs.obj (.text)
                  00003cf4    0000000c     rtsv7M4_T_le_v4SPD16_eabi.lib : copy_zero_init.obj (.text:decompress:ZI)
                  00003d00    00000004                                   : pre_init.obj (.text)

.const     0    00003d04    00000101     
                  00003d04    00000101     rtsv7M4_T_le_v4SPD16_eabi.lib : ctype.obj (.const:.string:_ctypes_)

.cinit     0    00003e08    00000098     
                  00003e08    00000073     (.cinit..data.load) [load image, compression = lzss]
                  00003e7b    00000001     --HOLE-- [fill = 0]
                  00003e7c    0000000c     (__TI_handler_table)
                  00003e88    00000008     (.cinit..bss.load) [load image, compression = zero_init]
                  00003e90    00000010     (__TI_cinit_table)

.init_array 
*          0    00000000    00000000     UNINITIALIZED

.sysmem    0    20000000    00000400     UNINITIALIZED
                  20000000    00000008     rtsv7M4_T_le_v4SPD16_eabi.lib : memory.obj (.sysmem)
                  20000008    000003f8     --HOLE--

.data      0    20000400    00000208     UNINITIALIZED
                  20000400    000000f0     rtsv7M4_T_le_v4SPD16_eabi.lib : defs.obj (.data:_ftable)
                  200004f0    000000d0                                   : lowlev.obj (.data:$O1$$)
                  200005c0    00000010                                   : defs.obj (.data)
                  200005d0    0000000c                                   : exit.obj (.data:$O1$$)
                  200005dc    0000000c                                   : memory.obj (.data:$O1$$)
                  200005e8    00000008                                   : _lock.obj (.data:$O1$$)
                  200005f0    00000008     distanceSensor.obj (.data)
                  200005f8    00000004     rtsv7M4_T_le_v4SPD16_eabi.lib : errno.obj (.data)
                  200005fc    00000004                                   : fopen.obj (.data)
                  20000600    00000004                                   : stkdepth_vars.obj (.data)
                  20000604    00000004     system_msp432p401r.obj (.data)

.bss       0    20000608    000001c8     UNINITIALIZED
                  20000608    00000120     rtsv7M4_T_le_v4SPD16_eabi.lib : trgmsg.obj (.bss:_CIOBUF_)
                  20000728    000000a0     (.common:__TI_tmpnams)
                  200007c8    00000008                                   : trgdrv.obj (.bss:parmbuf)

.stack     0    2000fe00    00000200     UNINITIALIZED
                  2000fe00    00000200     --HOLE--

MODULE SUMMARY

       Module                        code    ro data   rw data
       ------                        ----    -------   -------
    .\
       system_msp432p401r.obj        812     0         8      
       freqDelay.obj                 760     0         0      
       lcd.obj                       448     0         0      
       distanceSensor.obj            240     0         16     
       main.obj                      248     0         0      
       startup_msp432p401r_ccs.obj   14      228       0      
       ui.obj                        228     0         0      
    +--+-----------------------------+-------+---------+---------+
       Total:                        2750    228       24     
                                                              
    C:\ti\ccsv7\tools\compiler\ti-cgt-arm_16.9.3.LTS\lib\rtsv7M4_T_le_v4SPD16_eabi.lib
       _printfi.obj                  4414    0         0      
       lowlev.obj                    780     0         416    
       memory.obj                    976     0         24     
       defs.obj                      0       0         832    
       trgdrv.obj                    804     0         16     
       trgmsg.obj                    104     0         576    
       ull_div_t2.obj                500     0         0      
       fopen.obj                     452     0         8      
       fd_add_t2.obj                 438     0         0      
       fd_div_t2.obj                 310     0         0      
       fputs.obj                     308     0         0      
       fd_cmp_t2.obj                 268     0         0      
       ctype.obj                     0       257       0      
       fd_mul_t2.obj                 252     0         0      
       s_scalbn.obj                  252     0         0      
       setvbuf.obj                   220     0         0      
       fflush.obj                    200     0         0      
       _io_perm.obj                  172     0         0      
       memcpy_t2.obj                 156     0         0      
       fclose.obj                    152     0         0      
       fputc.obj                     152     0         0      
       memset_t2.obj                 122     0         0      
       autoinit.obj                  112     0         0      
       printf.obj                    112     0         0      
       exit.obj                      84      0         24     
       fprintf.obj                   108     0         0      
       copy_decompress_lzss.obj      104     0         0      
       fseek.obj                     100     0         0      
       s_frexp.obj                   100     0         0      
       sprintf.obj                   96      0         0      
       boot.obj                      84      0         0      
       ltoa.obj                      84      0         0      
       atoi.obj                      76      0         0      
       cpy_tbl.obj                   76      0         0      
       fd_toi_t2.obj                 72      0         0      
       fs_tod_t2.obj                 56      0         0      
       strncpy.obj                   54      0         0      
       i_tofd_t2.obj                 46      0         0      
       _lock.obj                     20      0         16     
       memchr.obj                    32      0         0      
       memccpy.obj                   28      0         0      
       args_main.obj                 24      0         0      
       strcmp.obj                    24      0         0      
       strchr.obj                    22      0         0      
       s_copysign.obj                20      0         0      
       strcpy.obj                    20      0         0      
       strlen.obj                    20      0         0      
       copy_decompress_none.obj      14      0         0      
       copy_zero_init.obj            12      0         0      
       errno.obj                     0       0         8      
       stkdepth_vars.obj             0       0         8      
       pre_init.obj                  4       0         0      
       mpu_init.obj                  2       0         0      
       startup.obj                   2       0         0      
    +--+-----------------------------+-------+---------+---------+
       Total:                        12640   257       1928   
                                                              
       Heap:                         0       0         2048   
       Stack:                        0       0         1024   
       Linker Generated:             0       151       0      
    +--+-----------------------------+-------+---------+---------+
       Grand Total:                  15390   636       5024   


LINKER GENERATED COPY TABLES

__TI_cinit_table @ 00003e90 records: 2, size/record: 8, table size: 16
	.data: load addr=00003e08, load size=00000073 bytes, run addr=20000400, run size=00000208 bytes, compression=lzss
	.bss: load addr=00003e88, load size=00000008 bytes, run addr=20000608, run size=000001c8 bytes, compression=zero_init


LINKER GENERATED HANDLER TABLE

__TI_handler_table @ 00003e7c records: 3, size/record: 4, table size: 12
	index: 0, handler: __TI_decompress_lzss
	index: 1, handler: __TI_decompress_none
	index: 2, handler: __TI_zero_init


GLOBAL SYMBOLS: SORTED ALPHABETICALLY BY Name 

address   name                           
-------   ----                           
00003cf3  ADC14_IRQHandler               
00003cf3  AES256_IRQHandler              
00003cf3  BusFault_Handler               
000039e1  C$$EXIT                        
0000382b  C$$IO$$                        
00003cf3  COMP_E0_IRQHandler             
00003cf3  COMP_E1_IRQHandler             
00003cf3  CS_IRQHandler                  
00002601  Clear_LCD                      
00003cf3  DMA_ERR_IRQHandler             
00003cf3  DMA_INT0_IRQHandler            
00003cf3  DMA_INT1_IRQHandler            
00003cf3  DMA_INT2_IRQHandler            
00003cf3  DMA_INT3_IRQHandler            
00003cf3  DebugMon_Handler               
00003cf3  Default_Handler                
00003cf3  EUSCIA0_IRQHandler             
00003cf3  EUSCIA1_IRQHandler             
00003cf3  EUSCIA2_IRQHandler             
00003cf3  EUSCIA3_IRQHandler             
00003cf3  EUSCIB0_IRQHandler             
00003cf3  EUSCIB1_IRQHandler             
00003cf3  EUSCIB2_IRQHandler             
00003cf3  EUSCIB3_IRQHandler             
00003cf3  FLCTL_IRQHandler               
00003cf3  FPU_IRQHandler                 
00001bfb  HOSTclock                      
00001bc3  HOSTclose                      
00001b85  HOSTgetenv                     
00001b29  HOSTlseek                      
00001ad7  HOSTopen                       
00001a8b  HOSTread                       
00001a2d  HOSTrename                     
000019f3  HOSTtime                       
000019a5  HOSTtime64                     
0000196d  HOSTunlink                     
00001921  HOSTwrite                      
00003cf3  HardFault_Handler              
00002615  Home_LCD                       
0000274b  LCD_command                    
00002789  LCD_data                       
00002683  LCD_init                       
000026f1  LCD_nibble_write               
00003cf3  MemManage_Handler              
00003cf3  NMI_Handler                    
00003cf3  PCM_IRQHandler                 
00003cf3  PORT1_IRQHandler               
00003cf3  PORT2_IRQHandler               
00003cf3  PORT3_IRQHandler               
00003cf3  PORT4_IRQHandler               
00003cf3  PORT5_IRQHandler               
00003cf3  PORT6_IRQHandler               
00003cf3  PSS_IRQHandler                 
00003cf3  PendSV_Handler                 
00003cf3  RTC_C_IRQHandler               
00003ce7  Reset_Handler                  
UNDEFED   SHT$$INIT_ARRAY$$Base          
UNDEFED   SHT$$INIT_ARRAY$$Limit         
00003cf3  SVC_Handler                    
00002629  SetCursorLocation              
00003cf3  SysTick_Handler                
20000604  SystemCoreClock                
000015f5  SystemCoreClockUpdate          
00001869  SystemInit                     
00003cf3  T32_INT1_IRQHandler            
00003cf3  T32_INT2_IRQHandler            
00003cf3  T32_INTC_IRQHandler            
00003cf3  TA0_0_IRQHandler               
00002e59  TA0_N_IRQHandler               
00002e59  TA0_N_IRQHandler               
00003cf3  TA1_0_IRQHandler               
00003cf3  TA1_N_IRQHandler               
00003cf3  TA2_0_IRQHandler               
00002e3f  TA2_N_IRQHandler               
00002e3f  TA2_N_IRQHandler               
00003cf3  TA3_0_IRQHandler               
00003cf3  TA3_N_IRQHandler               
00003cf3  UsageFault_Handler             
4000480c  WDTCTL_SYM                     
00003cf3  WDT_A_IRQHandler               
00002641  WriteCharacter                 
0000265b  WriteLine                      
20000608  __CIOBUF_                      
20010000  __STACK_END                    
00000200  __STACK_SIZE                   
00000400  __SYSMEM_SIZE                  
00003e90  __TI_CINIT_Base                
00003ea0  __TI_CINIT_Limit               
00003e7c  __TI_Handler_Table_Base        
00003e88  __TI_Handler_Table_Limit       
00003649  __TI_auto_init                 
00002505  __TI_cleanup                   
200005d0  __TI_cleanup_ptr               
00003391  __TI_closefile                 
00003795  __TI_decompress_lzss           
00003cd9  __TI_decompress_none           
00003181  __TI_doflush                   
200005d4  __TI_dtors_ptr                 
200005d8  __TI_enable_exit_profile_output
200005c0  __TI_ft_end                    
ffffffff  __TI_pprof_out_hndl            
00000929  __TI_printfi                   
ffffffff  __TI_prof_data_size            
ffffffff  __TI_prof_data_start           
000032ab  __TI_rd_ok                     
0000382f  __TI_readmsg                   
00000000  __TI_static_base__             
20000728  __TI_tmpnams                   
000037fd  __TI_writemsg                  
00003249  __TI_wrt_ok                    
00003cf5  __TI_zero_init                 
000034c1  __aeabi_cdcmpeq                
000034c1  __aeabi_cdcmple                
00003547  __aeabi_cdrcmple               
00003b21  __aeabi_d2iz                   
000027cb  __aeabi_dadd                   
00002977  __aeabi_ddiv                   
00002be1  __aeabi_dmul                   
000027c1  __aeabi_dsub                   
00003b69  __aeabi_f2d                    
00003bd7  __aeabi_i2d                    
000035cd  __aeabi_memclr                 
000035cd  __aeabi_memclr4                
000035cd  __aeabi_memclr8                
000032f5  __aeabi_memcpy                 
000032f5  __aeabi_memcpy4                
000032f5  __aeabi_memcpy8                
000035cf  __aeabi_memset                 
000035cf  __aeabi_memset4                
000035cf  __aeabi_memset8                
200005cc  __aeabi_stderr                 
200005c4  __aeabi_stdin                  
200005c8  __aeabi_stdout                 
00002249  __aeabi_uldivmod               
ffffffff  __binit__                      
ffffffff  __c_args__                     
00001223  __mpu_init                     
2000fe00  __stack                        
00003c41  _args_main                     
0000398d  _c_int00                       
00003d04  _ctypes_                       
20000400  _ftable                        
200005e8  _lock                          
00003c97  _nop                           
00003c8f  _register_lock                 
00003c89  _register_unlock               
20000000  _sys_memory                    
00003647  _system_post_cinit             
00003d01  _system_pre_init               
200005ec  _unlock                        
000039e5  abort                          
00001ea5  add_device                     
00003a89  atoi                           
ffffffff  binit                          
000015c5  calloc                         
00002f8d  check_distance_flag            
0000305f  clear_UI_sensor_status         
00002f85  clear_distance_flag            
00001e55  close                          
00003ad5  copy_in                        
00003c9d  copysign                       
00003c9d  copysignl                      
00001f51  delay_ms                       
00001fe9  delay_ns                       
00002ed1  distance_init                  
200005f8  errno                          
000039ed  exit                           
000033f7  fclose                         
000031cd  fflush                         
0000255b  fopen                          
00003731  fprintf                        
00003429  fputc                          
00002aad  fputs                          
0000130f  free                           
00002531  freopen                        
000038c9  frexp                          
000038c9  frexpl                         
00003865  fseek                          
00002f77  get_distance                   
00002fc1  init_UI                        
00000000  interruptVectors               
00002cdd  ldexp                          
00002cdd  ldexpl                         
00001e31  lseek                          
00003a35  ltoa                           
00002e05  main                           
20000600  main_func_sp                   
000012a5  malloc                         
000014d9  memalign                       
00003c25  memccpy                        
00003c05  memchr                         
000032f5  memcpy                         
000035d5  memset                         
00001225  minit                          
00001d83  open                           
000036c1  printf                         
00003429  putc                           
000034ad  putchar                        
00002bb9  puts                           
00001d5f  read                           
000013d1  realloc                        
00001cd5  remove                         
00001d37  remove_device                  
00001cf9  rename                         
00002f5d  save_final_distance_time       
00002f49  save_init_distance_time        
00002cdd  scalbn                         
00002cdd  scalbnl                        
00002081  set_DCO                        
00003047  set_UI_sensor_status           
00002f7d  set_distance_flag              
000030a5  setvbuf                        
0000392d  sprintf                        
00002f05  start_meas_distance            
00003c71  strchr                         
00003c59  strcmp                         
00003cb1  strcpy                         
00003cc5  strlen                         
00003ba1  strncpy                        
00001cd5  unlink                         
00003019  update_UI_distance             
00001c45  write                          


GLOBAL SYMBOLS: SORTED BY Symbol Address 

address   name                           
-------   ----                           
00000000  __TI_static_base__             
00000000  interruptVectors               
00000200  __STACK_SIZE                   
00000400  __SYSMEM_SIZE                  
00000929  __TI_printfi                   
00001223  __mpu_init                     
00001225  minit                          
000012a5  malloc                         
0000130f  free                           
000013d1  realloc                        
000014d9  memalign                       
000015c5  calloc                         
000015f5  SystemCoreClockUpdate          
00001869  SystemInit                     
00001921  HOSTwrite                      
0000196d  HOSTunlink                     
000019a5  HOSTtime64                     
000019f3  HOSTtime                       
00001a2d  HOSTrename                     
00001a8b  HOSTread                       
00001ad7  HOSTopen                       
00001b29  HOSTlseek                      
00001b85  HOSTgetenv                     
00001bc3  HOSTclose                      
00001bfb  HOSTclock                      
00001c45  write                          
00001cd5  remove                         
00001cd5  unlink                         
00001cf9  rename                         
00001d37  remove_device                  
00001d5f  read                           
00001d83  open                           
00001e31  lseek                          
00001e55  close                          
00001ea5  add_device                     
00001f51  delay_ms                       
00001fe9  delay_ns                       
00002081  set_DCO                        
00002249  __aeabi_uldivmod               
00002505  __TI_cleanup                   
00002531  freopen                        
0000255b  fopen                          
00002601  Clear_LCD                      
00002615  Home_LCD                       
00002629  SetCursorLocation              
00002641  WriteCharacter                 
0000265b  WriteLine                      
00002683  LCD_init                       
000026f1  LCD_nibble_write               
0000274b  LCD_command                    
00002789  LCD_data                       
000027c1  __aeabi_dsub                   
000027cb  __aeabi_dadd                   
00002977  __aeabi_ddiv                   
00002aad  fputs                          
00002bb9  puts                           
00002be1  __aeabi_dmul                   
00002cdd  ldexp                          
00002cdd  ldexpl                         
00002cdd  scalbn                         
00002cdd  scalbnl                        
00002e05  main                           
00002e3f  TA2_N_IRQHandler               
00002e3f  TA2_N_IRQHandler               
00002e59  TA0_N_IRQHandler               
00002e59  TA0_N_IRQHandler               
00002ed1  distance_init                  
00002f05  start_meas_distance            
00002f49  save_init_distance_time        
00002f5d  save_final_distance_time       
00002f77  get_distance                   
00002f7d  set_distance_flag              
00002f85  clear_distance_flag            
00002f8d  check_distance_flag            
00002fc1  init_UI                        
00003019  update_UI_distance             
00003047  set_UI_sensor_status           
0000305f  clear_UI_sensor_status         
000030a5  setvbuf                        
00003181  __TI_doflush                   
000031cd  fflush                         
00003249  __TI_wrt_ok                    
000032ab  __TI_rd_ok                     
000032f5  __aeabi_memcpy                 
000032f5  __aeabi_memcpy4                
000032f5  __aeabi_memcpy8                
000032f5  memcpy                         
00003391  __TI_closefile                 
000033f7  fclose                         
00003429  fputc                          
00003429  putc                           
000034ad  putchar                        
000034c1  __aeabi_cdcmpeq                
000034c1  __aeabi_cdcmple                
00003547  __aeabi_cdrcmple               
000035cd  __aeabi_memclr                 
000035cd  __aeabi_memclr4                
000035cd  __aeabi_memclr8                
000035cf  __aeabi_memset                 
000035cf  __aeabi_memset4                
000035cf  __aeabi_memset8                
000035d5  memset                         
00003647  _system_post_cinit             
00003649  __TI_auto_init                 
000036c1  printf                         
00003731  fprintf                        
00003795  __TI_decompress_lzss           
000037fd  __TI_writemsg                  
0000382b  C$$IO$$                        
0000382f  __TI_readmsg                   
00003865  fseek                          
000038c9  frexp                          
000038c9  frexpl                         
0000392d  sprintf                        
0000398d  _c_int00                       
000039e1  C$$EXIT                        
000039e5  abort                          
000039ed  exit                           
00003a35  ltoa                           
00003a89  atoi                           
00003ad5  copy_in                        
00003b21  __aeabi_d2iz                   
00003b69  __aeabi_f2d                    
00003ba1  strncpy                        
00003bd7  __aeabi_i2d                    
00003c05  memchr                         
00003c25  memccpy                        
00003c41  _args_main                     
00003c59  strcmp                         
00003c71  strchr                         
00003c89  _register_unlock               
00003c8f  _register_lock                 
00003c97  _nop                           
00003c9d  copysign                       
00003c9d  copysignl                      
00003cb1  strcpy                         
00003cc5  strlen                         
00003cd9  __TI_decompress_none           
00003ce7  Reset_Handler                  
00003cf3  ADC14_IRQHandler               
00003cf3  AES256_IRQHandler              
00003cf3  BusFault_Handler               
00003cf3  COMP_E0_IRQHandler             
00003cf3  COMP_E1_IRQHandler             
00003cf3  CS_IRQHandler                  
00003cf3  DMA_ERR_IRQHandler             
00003cf3  DMA_INT0_IRQHandler            
00003cf3  DMA_INT1_IRQHandler            
00003cf3  DMA_INT2_IRQHandler            
00003cf3  DMA_INT3_IRQHandler            
00003cf3  DebugMon_Handler               
00003cf3  Default_Handler                
00003cf3  EUSCIA0_IRQHandler             
00003cf3  EUSCIA1_IRQHandler             
00003cf3  EUSCIA2_IRQHandler             
00003cf3  EUSCIA3_IRQHandler             
00003cf3  EUSCIB0_IRQHandler             
00003cf3  EUSCIB1_IRQHandler             
00003cf3  EUSCIB2_IRQHandler             
00003cf3  EUSCIB3_IRQHandler             
00003cf3  FLCTL_IRQHandler               
00003cf3  FPU_IRQHandler                 
00003cf3  HardFault_Handler              
00003cf3  MemManage_Handler              
00003cf3  NMI_Handler                    
00003cf3  PCM_IRQHandler                 
00003cf3  PORT1_IRQHandler               
00003cf3  PORT2_IRQHandler               
00003cf3  PORT3_IRQHandler               
00003cf3  PORT4_IRQHandler               
00003cf3  PORT5_IRQHandler               
00003cf3  PORT6_IRQHandler               
00003cf3  PSS_IRQHandler                 
00003cf3  PendSV_Handler                 
00003cf3  RTC_C_IRQHandler               
00003cf3  SVC_Handler                    
00003cf3  SysTick_Handler                
00003cf3  T32_INT1_IRQHandler            
00003cf3  T32_INT2_IRQHandler            
00003cf3  T32_INTC_IRQHandler            
00003cf3  TA0_0_IRQHandler               
00003cf3  TA1_0_IRQHandler               
00003cf3  TA1_N_IRQHandler               
00003cf3  TA2_0_IRQHandler               
00003cf3  TA3_0_IRQHandler               
00003cf3  TA3_N_IRQHandler               
00003cf3  UsageFault_Handler             
00003cf3  WDT_A_IRQHandler               
00003cf5  __TI_zero_init                 
00003d01  _system_pre_init               
00003d04  _ctypes_                       
00003e7c  __TI_Handler_Table_Base        
00003e88  __TI_Handler_Table_Limit       
00003e90  __TI_CINIT_Base                
00003ea0  __TI_CINIT_Limit               
20000000  _sys_memory                    
20000400  _ftable                        
200005c0  __TI_ft_end                    
200005c4  __aeabi_stdin                  
200005c8  __aeabi_stdout                 
200005cc  __aeabi_stderr                 
200005d0  __TI_cleanup_ptr               
200005d4  __TI_dtors_ptr                 
200005d8  __TI_enable_exit_profile_output
200005e8  _lock                          
200005ec  _unlock                        
200005f8  errno                          
20000600  main_func_sp                   
20000604  SystemCoreClock                
20000608  __CIOBUF_                      
20000728  __TI_tmpnams                   
2000fe00  __stack                        
20010000  __STACK_END                    
4000480c  WDTCTL_SYM                     
ffffffff  __TI_pprof_out_hndl            
ffffffff  __TI_prof_data_size            
ffffffff  __TI_prof_data_start           
ffffffff  __binit__                      
ffffffff  __c_args__                     
ffffffff  binit                          
UNDEFED   SHT$$INIT_ARRAY$$Base          
UNDEFED   SHT$$INIT_ARRAY$$Limit         

[222 symbols]
