******************************************************************************
                  TI ARM Linker PC v16.9.3                     
******************************************************************************
>> Linked Thu Jun 08 22:50:37 2017

OUTPUT FILE NAME:   <Project45.out>
ENTRY POINT SYMBOL: "_c_int00"  address: 00003fa9


MEMORY CONFIGURATION

         name            origin    length      used     unused   attr    fill
----------------------  --------  ---------  --------  --------  ----  --------
  MAIN                  00000000   00040000  000044c1  0003bb3f  R  X
  INFO                  00200000   00004000  00000000  00004000  R  X
  SRAM_CODE             01000000   00010000  000009e6  0000f61a  RW X
  SRAM_DATA             20000000   00010000  000009e6  0000f61a  RW  


SEGMENT ALLOCATION MAP

run origin  load origin   length   init length attrs members
----------  ----------- ---------- ----------- ----- -------
00000000    00000000    000044c8   000044c8    r-x
  00000000    00000000    000000e4   000000e4    r-- .intvecs
  000000e4    000000e4    0000423c   0000423c    r-x .text
  00004320    00004320    00000101   00000101    r-- .const
  00004428    00004428    000000a0   000000a0    r-- .cinit
20000000    20000000    000007e6   00000000    rw-
  20000000    20000000    00000400   00000000    rw- .sysmem
  20000400    20000400    00000218   00000000    rw- .data
  20000618    20000618    000001ce   00000000    rw- .bss
2000fe00    2000fe00    00000200   00000000    rw-
  2000fe00    2000fe00    00000200   00000000    rw- .stack


SECTION ALLOCATION MAP

 output                                  attributes/
section   page    origin      length       input sections
--------  ----  ----------  ----------   ----------------
.intvecs   0    00000000    000000e4     
                  00000000    000000e4     startup_msp432p401r_ccs.obj (.intvecs:retain)

.binit     0    00000000    00000000     

.text      0    000000e4    0000423c     
                  000000e4    0000113e     rtsv7M4_T_le_v4SPD16_eabi.lib : _printfi.obj (.text)
                  00001222    00000002                                   : mpu_init.obj (.text)
                  00001224    000003d0                                   : memory.obj (.text)
                  000015f4    0000032c     system_msp432p401r.obj (.text)
                  00001920    00000324     rtsv7M4_T_le_v4SPD16_eabi.lib : trgdrv.obj (.text)
                  00001c44    0000030c                                   : lowlev.obj (.text)
                  00001f50    000002f8     freqDelay.obj (.text)
                  00002248    00000240     UARTChar.obj (.text)
                  00002488    00000238     main.obj (.text)
                  000026c0    000001f4     rtsv7M4_T_le_v4SPD16_eabi.lib : ull_div_t2.obj (.text)
                  000028b4    000001c4                                   : fopen.obj (.text)
                  00002a78    000001c0     distanceSensor.obj (.text)
                  00002c38    000001c0     lcd.obj (.text)
                  00002df8    000001b6     rtsv7M4_T_le_v4SPD16_eabi.lib : fd_add_t2.obj (.text)
                  00002fae    00000136                                   : fd_div_t2.obj (.text)
                  000030e4    00000134                                   : fputs.obj (.text)
                  00003218    00000120     ui.obj (.text)
                  00003338    000000fc     rtsv7M4_T_le_v4SPD16_eabi.lib : fd_mul_t2.obj (.text)
                  00003434    000000fc                                   : s_scalbn.obj (.text)
                  00003530    000000dc                                   : setvbuf.obj (.text)
                  0000360c    000000cc                                   : perror.obj (.text)
                  000036d8    000000c8                                   : fflush.obj (.text)
                  000037a0    000000c4     ecoRoom.obj (.text)
                  00003864    000000ac     rtsv7M4_T_le_v4SPD16_eabi.lib : _io_perm.obj (.text)
                  00003910    0000009c                                   : memcpy_t2.obj (.text)
                  000039ac    00000098                                   : fclose.obj (.text)
                  00003a44    00000098                                   : fputc.obj (.text)
                  00003adc    00000086                                   : fd_cmp_t2.obj (.text:__aeabi_cdcmple)
                  00003b62    00000086                                   : fd_cmp_t2.obj (.text:__aeabi_cdrcmple)
                  00003be8    0000007a                                   : memset_t2.obj (.text)
                  00003c62    00000002                                   : startup.obj (.text)
                  00003c64    00000070                                   : autoinit.obj (.text)
                  00003cd4    00000070                                   : printf.obj (.text)
                  00003d44    0000006c                                   : fprintf.obj (.text)
                  00003db0    00000068                                   : copy_decompress_lzss.obj (.text:decompress:lzss)
                  00003e18    00000068                                   : trgmsg.obj (.text)
                  00003e80    00000064                                   : fseek.obj (.text)
                  00003ee4    00000064                                   : s_frexp.obj (.text)
                  00003f48    00000060                                   : sprintf.obj (.text)
                  00003fa8    00000054                                   : boot.obj (.text)
                  00003ffc    00000054                                   : exit.obj (.text)
                  00004050    00000054                                   : ltoa.obj (.text)
                  000040a4    0000004c                                   : atoi.obj (.text)
                  000040f0    0000004c                                   : cpy_tbl.obj (.text)
                  0000413c    00000048                                   : fd_toi_t2.obj (.text)
                  00004184    00000038                                   : fs_tod_t2.obj (.text)
                  000041bc    00000036                                   : strncpy.obj (.text)
                  000041f2    0000002e                                   : i_tofd_t2.obj (.text)
                  00004220    00000020                                   : memchr.obj (.text)
                  00004240    0000001c                                   : memccpy.obj (.text)
                  0000425c    00000018                                   : args_main.obj (.text)
                  00004274    00000018                                   : strcmp.obj (.text)
                  0000428c    00000016                                   : strchr.obj (.text)
                  000042a2    00000002     --HOLE-- [fill = 0]
                  000042a4    00000014                                   : _lock.obj (.text)
                  000042b8    00000014                                   : s_copysign.obj (.text)
                  000042cc    00000014                                   : strcpy.obj (.text)
                  000042e0    00000014                                   : strlen.obj (.text)
                  000042f4    0000000e                                   : copy_decompress_none.obj (.text:decompress:none)
                  00004302    0000000e     startup_msp432p401r_ccs.obj (.text)
                  00004310    0000000c     rtsv7M4_T_le_v4SPD16_eabi.lib : copy_zero_init.obj (.text:decompress:ZI)
                  0000431c    00000004                                   : pre_init.obj (.text)

.const     0    00004320    00000101     
                  00004320    00000101     rtsv7M4_T_le_v4SPD16_eabi.lib : ctype.obj (.const:.string:_ctypes_)

.cinit     0    00004428    000000a0     
                  00004428    00000076     (.cinit..data.load) [load image, compression = lzss]
                  0000449e    00000002     --HOLE-- [fill = 0]
                  000044a0    0000000c     (__TI_handler_table)
                  000044ac    00000004     --HOLE-- [fill = 0]
                  000044b0    00000008     (.cinit..bss.load) [load image, compression = zero_init]
                  000044b8    00000010     (__TI_cinit_table)

.init_array 
*          0    00000000    00000000     UNINITIALIZED

.sysmem    0    20000000    00000400     UNINITIALIZED
                  20000000    00000008     rtsv7M4_T_le_v4SPD16_eabi.lib : memory.obj (.sysmem)
                  20000008    000003f8     --HOLE--

.data      0    20000400    00000218     UNINITIALIZED
                  20000400    000000f0     rtsv7M4_T_le_v4SPD16_eabi.lib : defs.obj (.data:_ftable)
                  200004f0    000000d0                                   : lowlev.obj (.data:$O1$$)
                  200005c0    00000010                                   : defs.obj (.data)
                  200005d0    0000000c                                   : exit.obj (.data:$O1$$)
                  200005dc    0000000c                                   : memory.obj (.data:$O1$$)
                  200005e8    0000000c     distanceSensor.obj (.data)
                  200005f4    00000008     rtsv7M4_T_le_v4SPD16_eabi.lib : _lock.obj (.data:$O1$$)
                  200005fc    00000004     ecoRoom.obj (.data)
                  20000600    00000004     main.obj (.data)
                  20000604    00000004     rtsv7M4_T_le_v4SPD16_eabi.lib : errno.obj (.data)
                  20000608    00000004                                   : fopen.obj (.data)
                  2000060c    00000004                                   : stkdepth_vars.obj (.data)
                  20000610    00000004     system_msp432p401r.obj (.data)
                  20000614    00000004     ui.obj (.data)

.bss       0    20000618    000001ce     UNINITIALIZED
                  20000618    00000120     rtsv7M4_T_le_v4SPD16_eabi.lib : trgmsg.obj (.bss:_CIOBUF_)
                  20000738    000000a0     (.common:__TI_tmpnams)
                  200007d8    00000008                                   : trgdrv.obj (.bss:parmbuf)
                  200007e0    00000006     main.obj (.bss)

.stack     0    2000fe00    00000200     UNINITIALIZED
                  2000fe00    00000200     --HOLE--

MODULE SUMMARY

       Module                        code    ro data   rw data
       ------                        ----    -------   -------
    .\
       system_msp432p401r.obj        812     0         8      
       freqDelay.obj                 760     0         0      
       main.obj                      568     0         20     
       UARTChar.obj                  576     0         0      
       distanceSensor.obj            448     0         24     
       lcd.obj                       448     0         0      
       ui.obj                        288     0         8      
       startup_msp432p401r_ccs.obj   14      228       0      
       ecoRoom.obj                   196     0         8      
    +--+-----------------------------+-------+---------+---------+
       Total:                        4110    228       68     
                                                              
    C:\ti\ccsv7\tools\compiler\ti-cgt-arm_16.9.3.LTS\lib\rtsv7M4_T_le_v4SPD16_eabi.lib
       _printfi.obj                  4414    0         0      
       lowlev.obj                    780     0         416    
       memory.obj                    976     0         24     
       defs.obj                      0       0         832    
       trgdrv.obj                    804     0         16     
       trgmsg.obj                    104     0         576    
       ull_div_t2.obj                500     0         0      
       fopen.obj                     452     0         8      
       fd_add_t2.obj                 438     0         0      
       fd_div_t2.obj                 310     0         0      
       fputs.obj                     308     0         0      
       fd_cmp_t2.obj                 268     0         0      
       ctype.obj                     0       257       0      
       fd_mul_t2.obj                 252     0         0      
       s_scalbn.obj                  252     0         0      
       setvbuf.obj                   220     0         0      
       perror.obj                    204     0         0      
       fflush.obj                    200     0         0      
       _io_perm.obj                  172     0         0      
       memcpy_t2.obj                 156     0         0      
       fclose.obj                    152     0         0      
       fputc.obj                     152     0         0      
       memset_t2.obj                 122     0         0      
       autoinit.obj                  112     0         0      
       printf.obj                    112     0         0      
       exit.obj                      84      0         24     
       fprintf.obj                   108     0         0      
       copy_decompress_lzss.obj      104     0         0      
       fseek.obj                     100     0         0      
       s_frexp.obj                   100     0         0      
       sprintf.obj                   96      0         0      
       boot.obj                      84      0         0      
       ltoa.obj                      84      0         0      
       atoi.obj                      76      0         0      
       cpy_tbl.obj                   76      0         0      
       fd_toi_t2.obj                 72      0         0      
       fs_tod_t2.obj                 56      0         0      
       strncpy.obj                   54      0         0      
       i_tofd_t2.obj                 46      0         0      
       _lock.obj                     20      0         16     
       memchr.obj                    32      0         0      
       memccpy.obj                   28      0         0      
       args_main.obj                 24      0         0      
       strcmp.obj                    24      0         0      
       strchr.obj                    22      0         0      
       s_copysign.obj                20      0         0      
       strcpy.obj                    20      0         0      
       strlen.obj                    20      0         0      
       copy_decompress_none.obj      14      0         0      
       copy_zero_init.obj            12      0         0      
       errno.obj                     0       0         8      
       stkdepth_vars.obj             0       0         8      
       pre_init.obj                  4       0         0      
       mpu_init.obj                  2       0         0      
       startup.obj                   2       0         0      
    +--+-----------------------------+-------+---------+---------+
       Total:                        12844   257       1928   
                                                              
       Heap:                         0       0         2048   
       Stack:                        0       0         1024   
       Linker Generated:             0       154       0      
    +--+-----------------------------+-------+---------+---------+
       Grand Total:                  16954   639       5068   


LINKER GENERATED COPY TABLES

__TI_cinit_table @ 000044b8 records: 2, size/record: 8, table size: 16
	.data: load addr=00004428, load size=00000076 bytes, run addr=20000400, run size=00000218 bytes, compression=lzss
	.bss: load addr=000044b0, load size=00000008 bytes, run addr=20000618, run size=000001ce bytes, compression=zero_init


LINKER GENERATED HANDLER TABLE

__TI_handler_table @ 000044a0 records: 3, size/record: 4, table size: 12
	index: 0, handler: __TI_decompress_lzss
	index: 1, handler: __TI_decompress_none
	index: 2, handler: __TI_zero_init


GLOBAL SYMBOLS: SORTED ALPHABETICALLY BY Name 

address   name                           
-------   ----                           
0000430f  ADC14_IRQHandler               
0000430f  AES256_IRQHandler              
0000430f  BusFault_Handler               
00003ffd  C$$EXIT                        
00003e47  C$$IO$$                        
0000430f  COMP_E0_IRQHandler             
0000430f  COMP_E1_IRQHandler             
0000430f  CS_IRQHandler                  
00002c39  Clear_LCD                      
0000430f  DMA_ERR_IRQHandler             
0000430f  DMA_INT0_IRQHandler            
0000430f  DMA_INT1_IRQHandler            
0000430f  DMA_INT2_IRQHandler            
0000430f  DMA_INT3_IRQHandler            
0000430f  DebugMon_Handler               
0000430f  Default_Handler                
00002301  Drive_DAC                      
0000430f  EUSCIA0_IRQHandler             
0000430f  EUSCIA1_IRQHandler             
00002611  EUSCIA2_IRQHandler             
00002611  EUSCIA2_IRQHandler             
0000430f  EUSCIA3_IRQHandler             
0000430f  EUSCIB0_IRQHandler             
0000430f  EUSCIB1_IRQHandler             
0000430f  EUSCIB2_IRQHandler             
0000430f  EUSCIB3_IRQHandler             
0000430f  FLCTL_IRQHandler               
0000430f  FPU_IRQHandler                 
00001bfb  HOSTclock                      
00001bc3  HOSTclose                      
00001b85  HOSTgetenv                     
00001b29  HOSTlseek                      
00001ad7  HOSTopen                       
00001a8b  HOSTread                       
00001a2d  HOSTrename                     
000019f3  HOSTtime                       
000019a5  HOSTtime64                     
0000196d  HOSTunlink                     
00001921  HOSTwrite                      
0000430f  HardFault_Handler              
00002c4d  Home_LCD                       
00002d83  LCD_command                    
00002dc1  LCD_data                       
00002cbb  LCD_init                       
00002d29  LCD_nibble_write               
0000430f  MemManage_Handler              
0000430f  NMI_Handler                    
0000430f  PCM_IRQHandler                 
0000262d  PORT1_IRQHandler               
0000262d  PORT1_IRQHandler               
0000430f  PORT2_IRQHandler               
0000430f  PORT3_IRQHandler               
0000430f  PORT4_IRQHandler               
0000430f  PORT5_IRQHandler               
0000430f  PORT6_IRQHandler               
0000430f  PSS_IRQHandler                 
0000430f  PendSV_Handler                 
0000430f  RTC_C_IRQHandler               
00004303  Reset_Handler                  
UNDEFED   SHT$$INIT_ARRAY$$Base          
UNDEFED   SHT$$INIT_ARRAY$$Limit         
0000430f  SVC_Handler                    
00002c61  SetCursorLocation              
0000430f  SysTick_Handler                
20000610  SystemCoreClock                
000015f5  SystemCoreClockUpdate          
00001869  SystemInit                     
0000430f  T32_INT1_IRQHandler            
0000430f  T32_INT2_IRQHandler            
0000430f  T32_INTC_IRQHandler            
0000430f  TA0_0_IRQHandler               
000025b5  TA0_N_IRQHandler               
000025b5  TA0_N_IRQHandler               
0000430f  TA1_0_IRQHandler               
0000430f  TA1_N_IRQHandler               
0000430f  TA2_0_IRQHandler               
00002599  TA2_N_IRQHandler               
00002599  TA2_N_IRQHandler               
0000430f  TA3_0_IRQHandler               
0000430f  TA3_N_IRQHandler               
00002249  UART2_init                     
0000430f  UsageFault_Handler             
4000480c  WDTCTL_SYM                     
0000430f  WDT_A_IRQHandler               
00002c79  WriteCharacter                 
00002c93  WriteLine                      
20000618  __CIOBUF_                      
20010000  __STACK_END                    
00000200  __STACK_SIZE                   
00000400  __SYSMEM_SIZE                  
000044b8  __TI_CINIT_Base                
000044c8  __TI_CINIT_Limit               
000044a0  __TI_Handler_Table_Base        
000044ac  __TI_Handler_Table_Limit       
00003c65  __TI_auto_init                 
0000297d  __TI_cleanup                   
200005d0  __TI_cleanup_ptr               
000039ad  __TI_closefile                 
00003db1  __TI_decompress_lzss           
000042f5  __TI_decompress_none           
000036d9  __TI_doflush                   
200005d4  __TI_dtors_ptr                 
200005d8  __TI_enable_exit_profile_output
200005c0  __TI_ft_end                    
ffffffff  __TI_pprof_out_hndl            
00000929  __TI_printfi                   
ffffffff  __TI_prof_data_size            
ffffffff  __TI_prof_data_start           
000038c7  __TI_rd_ok                     
00003e4b  __TI_readmsg                   
00000000  __TI_static_base__             
20000738  __TI_tmpnams                   
00003e19  __TI_writemsg                  
00003865  __TI_wrt_ok                    
00004311  __TI_zero_init                 
00003add  __aeabi_cdcmpeq                
00003add  __aeabi_cdcmple                
00003b63  __aeabi_cdrcmple               
0000413d  __aeabi_d2iz                   
00002e03  __aeabi_dadd                   
00002faf  __aeabi_ddiv                   
00003339  __aeabi_dmul                   
00002df9  __aeabi_dsub                   
00004185  __aeabi_f2d                    
000041f3  __aeabi_i2d                    
00003be9  __aeabi_memclr                 
00003be9  __aeabi_memclr4                
00003be9  __aeabi_memclr8                
00003911  __aeabi_memcpy                 
00003911  __aeabi_memcpy4                
00003911  __aeabi_memcpy8                
00003beb  __aeabi_memset                 
00003beb  __aeabi_memset4                
00003beb  __aeabi_memset8                
200005cc  __aeabi_stderr                 
200005c4  __aeabi_stdin                  
200005c8  __aeabi_stdout                 
000026c1  __aeabi_uldivmod               
ffffffff  __binit__                      
ffffffff  __c_args__                     
00001223  __mpu_init                     
2000fe00  __stack                        
0000425d  _args_main                     
00003fa9  _c_int00                       
00004320  _ctypes_                       
20000400  _ftable                        
200005f4  _lock                          
000042b3  _nop                           
000042ab  _register_lock                 
000042a5  _register_unlock               
20000000  _sys_memory                    
00003c63  _system_post_cinit             
0000431d  _system_pre_init               
200005f8  _unlock                        
00004001  abort                          
00001ea5  add_device                     
000040a5  atoi                           
ffffffff  binit                          
000015c5  calloc                         
00002bdf  check_distance_flag            
00002baf  check_distance_rising_flag     
0000382b  check_outside_flag             
00002bd7  clear_distance_flag            
00003823  clear_outside_flag             
00001e55  close                          
000040f1  copy_in                        
000042b9  copysign                       
000042b9  copysignl                      
000032cd  dec_occupants_LCD              
00001f51  delay_ms                       
00001fe9  delay_ns                       
00002ba7  detect_distance_falling_flag   
00002b9f  detect_distance_rising_flag    
00002a79  distance_init                  
20000604  errno                          
00004009  exit                           
00003a13  fclose                         
00003725  fflush                         
000029d3  fopen                          
00003d4d  fprintf                        
00003a45  fputc                          
000030e5  fputs                          
0000130f  free                           
000029a9  freopen                        
00003ee5  frexp                          
00003ee5  frexpl                         
00003e81  fseek                          
000022a9  get_DAC_value                  
00002b73  get_distance                   
00003301  get_num_occupants              
00003299  inc_occupants_LCD              
00002351  initSPI                        
00003219  init_UI                        
000037a1  init_outside_detection         
00000000  interruptVectors               
000022e7  is_proper_DAC                  
00003435  ldexp                          
00003435  ldexpl                         
00001e31  lseek                          
00004051  ltoa                           
000024b5  main                           
2000060c  main_func_sp                   
000012a5  malloc                         
000014d9  memalign                       
00004241  memccpy                        
00004221  memchr                         
00003911  memcpy                         
00003bf1  memset                         
00001225  minit                          
00001d83  open                           
0000360d  perror                         
000023eb  print_float_to_terminal        
000023a7  print_to_terminal              
00003cdd  printf                         
00003a45  putc                           
00003ac9  putchar                        
000031f1  puts                           
00001d5f  read                           
000013d1  realloc                        
00001cd5  remove                         
00001d37  remove_device                  
00001cf9  rename                         
00002b59  save_final_distance_time       
00002b45  save_init_distance_time        
00002bbb  save_pulse_time                
00003435  scalbn                         
00003435  scalbnl                        
00002081  set_DCO                        
00002bcf  set_distance_flag              
0000381b  set_outside_flag               
00003531  setvbuf                        
00003f49  sprintf                        
00002b25  start_meas_distance            
0000428d  strchr                         
00004275  strcmp                         
000042cd  strcpy                         
000042e1  strlen                         
000041bd  strncpy                        
00001cd5  unlink                         
0000326b  update_UI_distance             
00001c45  write                          


GLOBAL SYMBOLS: SORTED BY Symbol Address 

address   name                           
-------   ----                           
00000000  __TI_static_base__             
00000000  interruptVectors               
00000200  __STACK_SIZE                   
00000400  __SYSMEM_SIZE                  
00000929  __TI_printfi                   
00001223  __mpu_init                     
00001225  minit                          
000012a5  malloc                         
0000130f  free                           
000013d1  realloc                        
000014d9  memalign                       
000015c5  calloc                         
000015f5  SystemCoreClockUpdate          
00001869  SystemInit                     
00001921  HOSTwrite                      
0000196d  HOSTunlink                     
000019a5  HOSTtime64                     
000019f3  HOSTtime                       
00001a2d  HOSTrename                     
00001a8b  HOSTread                       
00001ad7  HOSTopen                       
00001b29  HOSTlseek                      
00001b85  HOSTgetenv                     
00001bc3  HOSTclose                      
00001bfb  HOSTclock                      
00001c45  write                          
00001cd5  remove                         
00001cd5  unlink                         
00001cf9  rename                         
00001d37  remove_device                  
00001d5f  read                           
00001d83  open                           
00001e31  lseek                          
00001e55  close                          
00001ea5  add_device                     
00001f51  delay_ms                       
00001fe9  delay_ns                       
00002081  set_DCO                        
00002249  UART2_init                     
000022a9  get_DAC_value                  
000022e7  is_proper_DAC                  
00002301  Drive_DAC                      
00002351  initSPI                        
000023a7  print_to_terminal              
000023eb  print_float_to_terminal        
000024b5  main                           
00002599  TA2_N_IRQHandler               
00002599  TA2_N_IRQHandler               
000025b5  TA0_N_IRQHandler               
000025b5  TA0_N_IRQHandler               
00002611  EUSCIA2_IRQHandler             
00002611  EUSCIA2_IRQHandler             
0000262d  PORT1_IRQHandler               
0000262d  PORT1_IRQHandler               
000026c1  __aeabi_uldivmod               
0000297d  __TI_cleanup                   
000029a9  freopen                        
000029d3  fopen                          
00002a79  distance_init                  
00002b25  start_meas_distance            
00002b45  save_init_distance_time        
00002b59  save_final_distance_time       
00002b73  get_distance                   
00002b9f  detect_distance_rising_flag    
00002ba7  detect_distance_falling_flag   
00002baf  check_distance_rising_flag     
00002bbb  save_pulse_time                
00002bcf  set_distance_flag              
00002bd7  clear_distance_flag            
00002bdf  check_distance_flag            
00002c39  Clear_LCD                      
00002c4d  Home_LCD                       
00002c61  SetCursorLocation              
00002c79  WriteCharacter                 
00002c93  WriteLine                      
00002cbb  LCD_init                       
00002d29  LCD_nibble_write               
00002d83  LCD_command                    
00002dc1  LCD_data                       
00002df9  __aeabi_dsub                   
00002e03  __aeabi_dadd                   
00002faf  __aeabi_ddiv                   
000030e5  fputs                          
000031f1  puts                           
00003219  init_UI                        
0000326b  update_UI_distance             
00003299  inc_occupants_LCD              
000032cd  dec_occupants_LCD              
00003301  get_num_occupants              
00003339  __aeabi_dmul                   
00003435  ldexp                          
00003435  ldexpl                         
00003435  scalbn                         
00003435  scalbnl                        
00003531  setvbuf                        
0000360d  perror                         
000036d9  __TI_doflush                   
00003725  fflush                         
000037a1  init_outside_detection         
0000381b  set_outside_flag               
00003823  clear_outside_flag             
0000382b  check_outside_flag             
00003865  __TI_wrt_ok                    
000038c7  __TI_rd_ok                     
00003911  __aeabi_memcpy                 
00003911  __aeabi_memcpy4                
00003911  __aeabi_memcpy8                
00003911  memcpy                         
000039ad  __TI_closefile                 
00003a13  fclose                         
00003a45  fputc                          
00003a45  putc                           
00003ac9  putchar                        
00003add  __aeabi_cdcmpeq                
00003add  __aeabi_cdcmple                
00003b63  __aeabi_cdrcmple               
00003be9  __aeabi_memclr                 
00003be9  __aeabi_memclr4                
00003be9  __aeabi_memclr8                
00003beb  __aeabi_memset                 
00003beb  __aeabi_memset4                
00003beb  __aeabi_memset8                
00003bf1  memset                         
00003c63  _system_post_cinit             
00003c65  __TI_auto_init                 
00003cdd  printf                         
00003d4d  fprintf                        
00003db1  __TI_decompress_lzss           
00003e19  __TI_writemsg                  
00003e47  C$$IO$$                        
00003e4b  __TI_readmsg                   
00003e81  fseek                          
00003ee5  frexp                          
00003ee5  frexpl                         
00003f49  sprintf                        
00003fa9  _c_int00                       
00003ffd  C$$EXIT                        
00004001  abort                          
00004009  exit                           
00004051  ltoa                           
000040a5  atoi                           
000040f1  copy_in                        
0000413d  __aeabi_d2iz                   
00004185  __aeabi_f2d                    
000041bd  strncpy                        
000041f3  __aeabi_i2d                    
00004221  memchr                         
00004241  memccpy                        
0000425d  _args_main                     
00004275  strcmp                         
0000428d  strchr                         
000042a5  _register_unlock               
000042ab  _register_lock                 
000042b3  _nop                           
000042b9  copysign                       
000042b9  copysignl                      
000042cd  strcpy                         
000042e1  strlen                         
000042f5  __TI_decompress_none           
00004303  Reset_Handler                  
0000430f  ADC14_IRQHandler               
0000430f  AES256_IRQHandler              
0000430f  BusFault_Handler               
0000430f  COMP_E0_IRQHandler             
0000430f  COMP_E1_IRQHandler             
0000430f  CS_IRQHandler                  
0000430f  DMA_ERR_IRQHandler             
0000430f  DMA_INT0_IRQHandler            
0000430f  DMA_INT1_IRQHandler            
0000430f  DMA_INT2_IRQHandler            
0000430f  DMA_INT3_IRQHandler            
0000430f  DebugMon_Handler               
0000430f  Default_Handler                
0000430f  EUSCIA0_IRQHandler             
0000430f  EUSCIA1_IRQHandler             
0000430f  EUSCIA3_IRQHandler             
0000430f  EUSCIB0_IRQHandler             
0000430f  EUSCIB1_IRQHandler             
0000430f  EUSCIB2_IRQHandler             
0000430f  EUSCIB3_IRQHandler             
0000430f  FLCTL_IRQHandler               
0000430f  FPU_IRQHandler                 
0000430f  HardFault_Handler              
0000430f  MemManage_Handler              
0000430f  NMI_Handler                    
0000430f  PCM_IRQHandler                 
0000430f  PORT2_IRQHandler               
0000430f  PORT3_IRQHandler               
0000430f  PORT4_IRQHandler               
0000430f  PORT5_IRQHandler               
0000430f  PORT6_IRQHandler               
0000430f  PSS_IRQHandler                 
0000430f  PendSV_Handler                 
0000430f  RTC_C_IRQHandler               
0000430f  SVC_Handler                    
0000430f  SysTick_Handler                
0000430f  T32_INT1_IRQHandler            
0000430f  T32_INT2_IRQHandler            
0000430f  T32_INTC_IRQHandler            
0000430f  TA0_0_IRQHandler               
0000430f  TA1_0_IRQHandler               
0000430f  TA1_N_IRQHandler               
0000430f  TA2_0_IRQHandler               
0000430f  TA3_0_IRQHandler               
0000430f  TA3_N_IRQHandler               
0000430f  UsageFault_Handler             
0000430f  WDT_A_IRQHandler               
00004311  __TI_zero_init                 
0000431d  _system_pre_init               
00004320  _ctypes_                       
000044a0  __TI_Handler_Table_Base        
000044ac  __TI_Handler_Table_Limit       
000044b8  __TI_CINIT_Base                
000044c8  __TI_CINIT_Limit               
20000000  _sys_memory                    
20000400  _ftable                        
200005c0  __TI_ft_end                    
200005c4  __aeabi_stdin                  
200005c8  __aeabi_stdout                 
200005cc  __aeabi_stderr                 
200005d0  __TI_cleanup_ptr               
200005d4  __TI_dtors_ptr                 
200005d8  __TI_enable_exit_profile_output
200005f4  _lock                          
200005f8  _unlock                        
20000604  errno                          
2000060c  main_func_sp                   
20000610  SystemCoreClock                
20000618  __CIOBUF_                      
20000738  __TI_tmpnams                   
2000fe00  __stack                        
20010000  __STACK_END                    
4000480c  WDTCTL_SYM                     
ffffffff  __TI_pprof_out_hndl            
ffffffff  __TI_prof_data_size            
ffffffff  __TI_prof_data_start           
ffffffff  __binit__                      
ffffffff  __c_args__                     
ffffffff  binit                          
UNDEFED   SHT$$INIT_ARRAY$$Base          
UNDEFED   SHT$$INIT_ARRAY$$Limit         

[241 symbols]
