******************************************************************************
                  TI ARM Linker PC v16.9.3                     
******************************************************************************
>> Linked Wed May 31 10:50:05 2017

OUTPUT FILE NAME:   <Project45.out>
ENTRY POINT SYMBOL: "_c_int00"  address: 00000585


MEMORY CONFIGURATION

         name            origin    length      used     unused   attr    fill
----------------------  --------  ---------  --------  --------  ----  --------
  MAIN                  00000000   00040000  00000734  0003f8cc  R  X
  INFO                  00200000   00004000  00000000  00004000  R  X
  SRAM_CODE             01000000   00010000  00000220  0000fde0  RW X
  SRAM_DATA             20000000   00010000  00000220  0000fde0  RW  


SEGMENT ALLOCATION MAP

run origin  load origin   length   init length attrs members
----------  ----------- ---------- ----------- ----- -------
00000000    00000000    00000738   00000738    r-x
  00000000    00000000    000000e4   000000e4    r-- .intvecs
  000000e4    000000e4    00000628   00000628    r-x .text
  00000710    00000710    00000028   00000028    r-- .cinit
20000000    20000000    00000020   00000000    rw-
  20000000    20000000    00000020   00000000    rw- .data
2000fe00    2000fe00    00000200   00000000    rw-
  2000fe00    2000fe00    00000200   00000000    rw- .stack


SECTION ALLOCATION MAP

 output                                  attributes/
section   page    origin      length       input sections
--------  ----  ----------  ----------   ----------------
.intvecs   0    00000000    000000e4     
                  00000000    000000e4     startup_msp432p401r_ccs.obj (.intvecs:retain)

.binit     0    00000000    00000000     

.text      0    000000e4    00000628     
                  000000e4    0000032c     system_msp432p401r.obj (.text)
                  00000410    0000009c     rtsv7M4_T_le_v4SPD16_eabi.lib : memcpy_t2.obj (.text)
                  000004ac    00000070                                   : autoinit.obj (.text)
                  0000051c    00000068                                   : copy_decompress_lzss.obj (.text:decompress:lzss)
                  00000584    00000054                                   : boot.obj (.text)
                  000005d8    00000054                                   : exit.obj (.text)
                  0000062c    0000004c                                   : cpy_tbl.obj (.text)
                  00000678    00000024     main.obj (.text)
                  0000069c    00000020     distanceSensor.obj (.text)
                  000006bc    00000018     rtsv7M4_T_le_v4SPD16_eabi.lib : args_main.obj (.text)
                  000006d4    00000014                                   : _lock.obj (.text)
                  000006e8    0000000e                                   : copy_decompress_none.obj (.text:decompress:none)
                  000006f6    0000000e     startup_msp432p401r_ccs.obj (.text)
                  00000704    00000004     rtsv7M4_T_le_v4SPD16_eabi.lib : pre_init.obj (.text)
                  00000708    00000002                                   : mpu_init.obj (.text)
                  0000070a    00000002                                   : startup.obj (.text)

.cinit     0    00000710    00000028     
                  00000710    00000015     (.cinit..data.load) [load image, compression = lzss]
                  00000725    00000003     --HOLE-- [fill = 0]
                  00000728    00000008     (__TI_handler_table)
                  00000730    00000008     (__TI_cinit_table)

.init_array 
*          0    00000000    00000000     UNINITIALIZED

.data      0    20000000    00000020     UNINITIALIZED
                  20000000    0000000c     rtsv7M4_T_le_v4SPD16_eabi.lib : exit.obj (.data:$O1$$)
                  2000000c    00000008                                   : _lock.obj (.data:$O1$$)
                  20000014    00000004     distanceSensor.obj (.data)
                  20000018    00000004     rtsv7M4_T_le_v4SPD16_eabi.lib : stkdepth_vars.obj (.data)
                  2000001c    00000004     system_msp432p401r.obj (.data)

.stack     0    2000fe00    00000200     UNINITIALIZED
                  2000fe00    00000200     --HOLE--

MODULE SUMMARY

       Module                        code   ro data   rw data
       ------                        ----   -------   -------
    .\
       system_msp432p401r.obj        812    0         8      
       startup_msp432p401r_ccs.obj   14     228       0      
       distanceSensor.obj            32     0         8      
       main.obj                      36     0         0      
    +--+-----------------------------+------+---------+---------+
       Total:                        894    228       16     
                                                             
    C:\ti\ccsv7\tools\compiler\ti-cgt-arm_16.9.3.LTS\lib\rtsv7M4_T_le_v4SPD16_eabi.lib
       memcpy_t2.obj                 156    0         0      
       autoinit.obj                  112    0         0      
       exit.obj                      84     0         24     
       copy_decompress_lzss.obj      104    0         0      
       boot.obj                      84     0         0      
       cpy_tbl.obj                   76     0         0      
       _lock.obj                     20     0         16     
       args_main.obj                 24     0         0      
       copy_decompress_none.obj      14     0         0      
       stkdepth_vars.obj             0      0         8      
       pre_init.obj                  4      0         0      
       mpu_init.obj                  2      0         0      
       startup.obj                   2      0         0      
    +--+-----------------------------+------+---------+---------+
       Total:                        682    0         48     
                                                             
       Stack:                        0      0         1024   
       Linker Generated:             0      37        0      
    +--+-----------------------------+------+---------+---------+
       Grand Total:                  1576   265       1088   


LINKER GENERATED COPY TABLES

__TI_cinit_table @ 00000730 records: 1, size/record: 8, table size: 8
	.data: load addr=00000710, load size=00000015 bytes, run addr=20000000, run size=00000020 bytes, compression=lzss


LINKER GENERATED HANDLER TABLE

__TI_handler_table @ 00000728 records: 2, size/record: 4, table size: 8
	index: 0, handler: __TI_decompress_lzss
	index: 1, handler: __TI_decompress_none


GLOBAL SYMBOLS: SORTED ALPHABETICALLY BY Name 

address   name                           
-------   ----                           
00000703  ADC14_IRQHandler               
00000703  AES256_IRQHandler              
00000703  BusFault_Handler               
000005d9  C$$EXIT                        
00000703  COMP_E0_IRQHandler             
00000703  COMP_E1_IRQHandler             
00000703  CS_IRQHandler                  
00000703  DMA_ERR_IRQHandler             
00000703  DMA_INT0_IRQHandler            
00000703  DMA_INT1_IRQHandler            
00000703  DMA_INT2_IRQHandler            
00000703  DMA_INT3_IRQHandler            
00000703  DebugMon_Handler               
00000703  Default_Handler                
00000703  EUSCIA0_IRQHandler             
00000703  EUSCIA1_IRQHandler             
00000703  EUSCIA2_IRQHandler             
00000703  EUSCIA3_IRQHandler             
00000703  EUSCIB0_IRQHandler             
00000703  EUSCIB1_IRQHandler             
00000703  EUSCIB2_IRQHandler             
00000703  EUSCIB3_IRQHandler             
00000703  FLCTL_IRQHandler               
00000703  FPU_IRQHandler                 
00000703  HardFault_Handler              
00000703  MemManage_Handler              
00000703  NMI_Handler                    
00000703  PCM_IRQHandler                 
00000703  PORT1_IRQHandler               
00000703  PORT2_IRQHandler               
00000703  PORT3_IRQHandler               
00000703  PORT4_IRQHandler               
00000703  PORT5_IRQHandler               
00000703  PORT6_IRQHandler               
00000703  PSS_IRQHandler                 
00000703  PendSV_Handler                 
00000703  RTC_C_IRQHandler               
000006f7  Reset_Handler                  
UNDEFED   SHT$$INIT_ARRAY$$Base          
UNDEFED   SHT$$INIT_ARRAY$$Limit         
00000703  SVC_Handler                    
00000703  SysTick_Handler                
2000001c  SystemCoreClock                
000000e5  SystemCoreClockUpdate          
00000359  SystemInit                     
00000703  T32_INT1_IRQHandler            
00000703  T32_INT2_IRQHandler            
00000703  T32_INTC_IRQHandler            
00000703  TA0_0_IRQHandler               
00000703  TA0_N_IRQHandler               
00000703  TA1_0_IRQHandler               
00000703  TA1_N_IRQHandler               
00000703  TA2_0_IRQHandler               
00000703  TA2_N_IRQHandler               
00000703  TA3_0_IRQHandler               
00000703  TA3_N_IRQHandler               
00000703  UsageFault_Handler             
4000480c  WDTCTL_SYM                     
00000703  WDT_A_IRQHandler               
20010000  __STACK_END                    
00000200  __STACK_SIZE                   
00000730  __TI_CINIT_Base                
00000738  __TI_CINIT_Limit               
00000728  __TI_Handler_Table_Base        
00000730  __TI_Handler_Table_Limit       
000004ad  __TI_auto_init                 
20000000  __TI_cleanup_ptr               
0000051d  __TI_decompress_lzss           
000006e9  __TI_decompress_none           
20000004  __TI_dtors_ptr                 
20000008  __TI_enable_exit_profile_output
ffffffff  __TI_pprof_out_hndl            
ffffffff  __TI_prof_data_size            
ffffffff  __TI_prof_data_start           
00000000  __TI_static_base__             
00000411  __aeabi_memcpy                 
00000411  __aeabi_memcpy4                
00000411  __aeabi_memcpy8                
ffffffff  __binit__                      
ffffffff  __c_args__                     
00000709  __mpu_init                     
2000fe00  __stack                        
000006bd  _args_main                     
00000585  _c_int00                       
2000000c  _lock                          
000006e3  _nop                           
000006db  _register_lock                 
000006d5  _register_unlock               
0000070b  _system_post_cinit             
00000705  _system_pre_init               
20000010  _unlock                        
000005dd  abort                          
ffffffff  binit                          
000006b3  check_distance_flag            
000006ab  clear_distance_flag            
0000062d  copy_in                        
0000069d  distance_init                  
000005e5  exit                           
000006a1  get_distance                   
00000000  interruptVectors               
00000679  main                           
20000018  main_func_sp                   
00000411  memcpy                         
000006a3  set_distance_flag              
0000069f  start_meas_distance            


GLOBAL SYMBOLS: SORTED BY Symbol Address 

address   name                           
-------   ----                           
00000000  __TI_static_base__             
00000000  interruptVectors               
000000e5  SystemCoreClockUpdate          
00000200  __STACK_SIZE                   
00000359  SystemInit                     
00000411  __aeabi_memcpy                 
00000411  __aeabi_memcpy4                
00000411  __aeabi_memcpy8                
00000411  memcpy                         
000004ad  __TI_auto_init                 
0000051d  __TI_decompress_lzss           
00000585  _c_int00                       
000005d9  C$$EXIT                        
000005dd  abort                          
000005e5  exit                           
0000062d  copy_in                        
00000679  main                           
0000069d  distance_init                  
0000069f  start_meas_distance            
000006a1  get_distance                   
000006a3  set_distance_flag              
000006ab  clear_distance_flag            
000006b3  check_distance_flag            
000006bd  _args_main                     
000006d5  _register_unlock               
000006db  _register_lock                 
000006e3  _nop                           
000006e9  __TI_decompress_none           
000006f7  Reset_Handler                  
00000703  ADC14_IRQHandler               
00000703  AES256_IRQHandler              
00000703  BusFault_Handler               
00000703  COMP_E0_IRQHandler             
00000703  COMP_E1_IRQHandler             
00000703  CS_IRQHandler                  
00000703  DMA_ERR_IRQHandler             
00000703  DMA_INT0_IRQHandler            
00000703  DMA_INT1_IRQHandler            
00000703  DMA_INT2_IRQHandler            
00000703  DMA_INT3_IRQHandler            
00000703  DebugMon_Handler               
00000703  Default_Handler                
00000703  EUSCIA0_IRQHandler             
00000703  EUSCIA1_IRQHandler             
00000703  EUSCIA2_IRQHandler             
00000703  EUSCIA3_IRQHandler             
00000703  EUSCIB0_IRQHandler             
00000703  EUSCIB1_IRQHandler             
00000703  EUSCIB2_IRQHandler             
00000703  EUSCIB3_IRQHandler             
00000703  FLCTL_IRQHandler               
00000703  FPU_IRQHandler                 
00000703  HardFault_Handler              
00000703  MemManage_Handler              
00000703  NMI_Handler                    
00000703  PCM_IRQHandler                 
00000703  PORT1_IRQHandler               
00000703  PORT2_IRQHandler               
00000703  PORT3_IRQHandler               
00000703  PORT4_IRQHandler               
00000703  PORT5_IRQHandler               
00000703  PORT6_IRQHandler               
00000703  PSS_IRQHandler                 
00000703  PendSV_Handler                 
00000703  RTC_C_IRQHandler               
00000703  SVC_Handler                    
00000703  SysTick_Handler                
00000703  T32_INT1_IRQHandler            
00000703  T32_INT2_IRQHandler            
00000703  T32_INTC_IRQHandler            
00000703  TA0_0_IRQHandler               
00000703  TA0_N_IRQHandler               
00000703  TA1_0_IRQHandler               
00000703  TA1_N_IRQHandler               
00000703  TA2_0_IRQHandler               
00000703  TA2_N_IRQHandler               
00000703  TA3_0_IRQHandler               
00000703  TA3_N_IRQHandler               
00000703  UsageFault_Handler             
00000703  WDT_A_IRQHandler               
00000705  _system_pre_init               
00000709  __mpu_init                     
0000070b  _system_post_cinit             
00000728  __TI_Handler_Table_Base        
00000730  __TI_CINIT_Base                
00000730  __TI_Handler_Table_Limit       
00000738  __TI_CINIT_Limit               
20000000  __TI_cleanup_ptr               
20000004  __TI_dtors_ptr                 
20000008  __TI_enable_exit_profile_output
2000000c  _lock                          
20000010  _unlock                        
20000018  main_func_sp                   
2000001c  SystemCoreClock                
2000fe00  __stack                        
20010000  __STACK_END                    
4000480c  WDTCTL_SYM                     
ffffffff  __TI_pprof_out_hndl            
ffffffff  __TI_prof_data_size            
ffffffff  __TI_prof_data_start           
ffffffff  __binit__                      
ffffffff  __c_args__                     
ffffffff  binit                          
UNDEFED   SHT$$INIT_ARRAY$$Base          
UNDEFED   SHT$$INIT_ARRAY$$Limit         

[105 symbols]
