******************************************************************************
                  TI ARM Linker PC v16.9.3                     
******************************************************************************
>> Linked Thu Jun 08 20:22:11 2017

OUTPUT FILE NAME:   <Project45.out>
ENTRY POINT SYMBOL: "_c_int00"  address: 00003e51


MEMORY CONFIGURATION

         name            origin    length      used     unused   attr    fill
----------------------  --------  ---------  --------  --------  ----  --------
  MAIN                  00000000   00040000  00004369  0003bc97  R  X
  INFO                  00200000   00004000  00000000  00004000  R  X
  SRAM_CODE             01000000   00010000  000009e2  0000f61e  RW X
  SRAM_DATA             20000000   00010000  000009e2  0000f61e  RW  


SEGMENT ALLOCATION MAP

run origin  load origin   length   init length attrs members
----------  ----------- ---------- ----------- ----- -------
00000000    00000000    00004370   00004370    r-x
  00000000    00000000    000000e4   000000e4    r-- .intvecs
  000000e4    000000e4    000040e4   000040e4    r-x .text
  000041c8    000041c8    00000101   00000101    r-- .const
  000042d0    000042d0    000000a0   000000a0    r-- .cinit
20000000    20000000    000007e2   00000000    rw-
  20000000    20000000    00000400   00000000    rw- .sysmem
  20000400    20000400    00000214   00000000    rw- .data
  20000614    20000614    000001ce   00000000    rw- .bss
2000fe00    2000fe00    00000200   00000000    rw-
  2000fe00    2000fe00    00000200   00000000    rw- .stack


SECTION ALLOCATION MAP

 output                                  attributes/
section   page    origin      length       input sections
--------  ----  ----------  ----------   ----------------
.intvecs   0    00000000    000000e4     
                  00000000    000000e4     startup_msp432p401r_ccs.obj (.intvecs:retain)

.binit     0    00000000    00000000     

.text      0    000000e4    000040e4     
                  000000e4    0000113e     rtsv7M4_T_le_v4SPD16_eabi.lib : _printfi.obj (.text)
                  00001222    00000002                                   : mpu_init.obj (.text)
                  00001224    000003d0                                   : memory.obj (.text)
                  000015f4    0000032c     system_msp432p401r.obj (.text)
                  00001920    00000324     rtsv7M4_T_le_v4SPD16_eabi.lib : trgdrv.obj (.text)
                  00001c44    0000030c                                   : lowlev.obj (.text)
                  00001f50    000002f8     freqDelay.obj (.text)
                  00002248    00000240     UARTChar.obj (.text)
                  00002488    000001f4     rtsv7M4_T_le_v4SPD16_eabi.lib : ull_div_t2.obj (.text)
                  0000267c    000001c4                                   : fopen.obj (.text)
                  00002840    000001c0     distanceSensor.obj (.text)
                  00002a00    000001c0     lcd.obj (.text)
                  00002bc0    000001b6     rtsv7M4_T_le_v4SPD16_eabi.lib : fd_add_t2.obj (.text)
                  00002d76    00000002                                   : startup.obj (.text)
                  00002d78    000001a8     main.obj (.text)
                  00002f20    00000136     rtsv7M4_T_le_v4SPD16_eabi.lib : fd_div_t2.obj (.text)
                  00003056    00000002     --HOLE-- [fill = 0]
                  00003058    00000134                                   : fputs.obj (.text)
                  0000318c    00000118     ui.obj (.text)
                  000032a4    000000fc     rtsv7M4_T_le_v4SPD16_eabi.lib : fd_mul_t2.obj (.text)
                  000033a0    000000fc                                   : s_scalbn.obj (.text)
                  0000349c    000000dc                                   : setvbuf.obj (.text)
                  00003578    000000cc                                   : perror.obj (.text)
                  00003644    000000c8                                   : fflush.obj (.text)
                  0000370c    000000ac                                   : _io_perm.obj (.text)
                  000037b8    0000009c                                   : memcpy_t2.obj (.text)
                  00003854    00000098                                   : fclose.obj (.text)
                  000038ec    00000098                                   : fputc.obj (.text)
                  00003984    00000086                                   : fd_cmp_t2.obj (.text:__aeabi_cdcmple)
                  00003a0a    00000086                                   : fd_cmp_t2.obj (.text:__aeabi_cdrcmple)
                  00003a90    0000007a                                   : memset_t2.obj (.text)
                  00003b0a    00000002     --HOLE-- [fill = 0]
                  00003b0c    00000070                                   : autoinit.obj (.text)
                  00003b7c    00000070                                   : printf.obj (.text)
                  00003bec    0000006c                                   : fprintf.obj (.text)
                  00003c58    00000068                                   : copy_decompress_lzss.obj (.text:decompress:lzss)
                  00003cc0    00000068                                   : trgmsg.obj (.text)
                  00003d28    00000064                                   : fseek.obj (.text)
                  00003d8c    00000064                                   : s_frexp.obj (.text)
                  00003df0    00000060                                   : sprintf.obj (.text)
                  00003e50    00000054                                   : boot.obj (.text)
                  00003ea4    00000054                                   : exit.obj (.text)
                  00003ef8    00000054                                   : ltoa.obj (.text)
                  00003f4c    0000004c                                   : atoi.obj (.text)
                  00003f98    0000004c                                   : cpy_tbl.obj (.text)
                  00003fe4    00000048                                   : fd_toi_t2.obj (.text)
                  0000402c    00000038                                   : fs_tod_t2.obj (.text)
                  00004064    00000036                                   : strncpy.obj (.text)
                  0000409a    0000002e                                   : i_tofd_t2.obj (.text)
                  000040c8    00000020                                   : memchr.obj (.text)
                  000040e8    0000001c                                   : memccpy.obj (.text)
                  00004104    00000018                                   : args_main.obj (.text)
                  0000411c    00000018                                   : strcmp.obj (.text)
                  00004134    00000016                                   : strchr.obj (.text)
                  0000414a    00000002     --HOLE-- [fill = 0]
                  0000414c    00000014                                   : _lock.obj (.text)
                  00004160    00000014                                   : s_copysign.obj (.text)
                  00004174    00000014                                   : strcpy.obj (.text)
                  00004188    00000014                                   : strlen.obj (.text)
                  0000419c    0000000e                                   : copy_decompress_none.obj (.text:decompress:none)
                  000041aa    0000000e     startup_msp432p401r_ccs.obj (.text)
                  000041b8    0000000c     rtsv7M4_T_le_v4SPD16_eabi.lib : copy_zero_init.obj (.text:decompress:ZI)
                  000041c4    00000004                                   : pre_init.obj (.text)

.const     0    000041c8    00000101     
                  000041c8    00000101     rtsv7M4_T_le_v4SPD16_eabi.lib : ctype.obj (.const:.string:_ctypes_)

.cinit     0    000042d0    000000a0     
                  000042d0    00000075     (.cinit..data.load) [load image, compression = lzss]
                  00004345    00000003     --HOLE-- [fill = 0]
                  00004348    0000000c     (__TI_handler_table)
                  00004354    00000004     --HOLE-- [fill = 0]
                  00004358    00000008     (.cinit..bss.load) [load image, compression = zero_init]
                  00004360    00000010     (__TI_cinit_table)

.init_array 
*          0    00000000    00000000     UNINITIALIZED

.sysmem    0    20000000    00000400     UNINITIALIZED
                  20000000    00000008     rtsv7M4_T_le_v4SPD16_eabi.lib : memory.obj (.sysmem)
                  20000008    000003f8     --HOLE--

.data      0    20000400    00000214     UNINITIALIZED
                  20000400    000000f0     rtsv7M4_T_le_v4SPD16_eabi.lib : defs.obj (.data:_ftable)
                  200004f0    000000d0                                   : lowlev.obj (.data:$O1$$)
                  200005c0    00000010                                   : defs.obj (.data)
                  200005d0    0000000c                                   : exit.obj (.data:$O1$$)
                  200005dc    0000000c                                   : memory.obj (.data:$O1$$)
                  200005e8    0000000c     distanceSensor.obj (.data)
                  200005f4    00000008     rtsv7M4_T_le_v4SPD16_eabi.lib : _lock.obj (.data:$O1$$)
                  200005fc    00000004     main.obj (.data)
                  20000600    00000004     rtsv7M4_T_le_v4SPD16_eabi.lib : errno.obj (.data)
                  20000604    00000004                                   : fopen.obj (.data)
                  20000608    00000004                                   : stkdepth_vars.obj (.data)
                  2000060c    00000004     system_msp432p401r.obj (.data)
                  20000610    00000004     ui.obj (.data)

.bss       0    20000614    000001ce     UNINITIALIZED
                  20000614    00000120     rtsv7M4_T_le_v4SPD16_eabi.lib : trgmsg.obj (.bss:_CIOBUF_)
                  20000734    000000a0     (.common:__TI_tmpnams)
                  200007d4    00000008                                   : trgdrv.obj (.bss:parmbuf)
                  200007dc    00000006     main.obj (.bss)

.stack     0    2000fe00    00000200     UNINITIALIZED
                  2000fe00    00000200     --HOLE--

MODULE SUMMARY

       Module                        code    ro data   rw data
       ------                        ----    -------   -------
    .\
       system_msp432p401r.obj        812     0         8      
       freqDelay.obj                 760     0         0      
       UARTChar.obj                  576     0         0      
       distanceSensor.obj            448     0         24     
       lcd.obj                       448     0         0      
       main.obj                      424     0         20     
       ui.obj                        280     0         8      
       startup_msp432p401r_ccs.obj   14      228       0      
    +--+-----------------------------+-------+---------+---------+
       Total:                        3762    228       60     
                                                              
    C:\ti\ccsv7\tools\compiler\ti-cgt-arm_16.9.3.LTS\lib\rtsv7M4_T_le_v4SPD16_eabi.lib
       _printfi.obj                  4414    0         0      
       lowlev.obj                    780     0         416    
       memory.obj                    976     0         24     
       defs.obj                      0       0         832    
       trgdrv.obj                    804     0         16     
       trgmsg.obj                    104     0         576    
       ull_div_t2.obj                500     0         0      
       fopen.obj                     452     0         8      
       fd_add_t2.obj                 438     0         0      
       fd_div_t2.obj                 310     0         0      
       fputs.obj                     308     0         0      
       fd_cmp_t2.obj                 268     0         0      
       ctype.obj                     0       257       0      
       fd_mul_t2.obj                 252     0         0      
       s_scalbn.obj                  252     0         0      
       setvbuf.obj                   220     0         0      
       perror.obj                    204     0         0      
       fflush.obj                    200     0         0      
       _io_perm.obj                  172     0         0      
       memcpy_t2.obj                 156     0         0      
       fclose.obj                    152     0         0      
       fputc.obj                     152     0         0      
       memset_t2.obj                 122     0         0      
       autoinit.obj                  112     0         0      
       printf.obj                    112     0         0      
       exit.obj                      84      0         24     
       fprintf.obj                   108     0         0      
       copy_decompress_lzss.obj      104     0         0      
       fseek.obj                     100     0         0      
       s_frexp.obj                   100     0         0      
       sprintf.obj                   96      0         0      
       boot.obj                      84      0         0      
       ltoa.obj                      84      0         0      
       atoi.obj                      76      0         0      
       cpy_tbl.obj                   76      0         0      
       fd_toi_t2.obj                 72      0         0      
       fs_tod_t2.obj                 56      0         0      
       strncpy.obj                   54      0         0      
       i_tofd_t2.obj                 46      0         0      
       _lock.obj                     20      0         16     
       memchr.obj                    32      0         0      
       memccpy.obj                   28      0         0      
       args_main.obj                 24      0         0      
       strcmp.obj                    24      0         0      
       strchr.obj                    22      0         0      
       s_copysign.obj                20      0         0      
       strcpy.obj                    20      0         0      
       strlen.obj                    20      0         0      
       copy_decompress_none.obj      14      0         0      
       copy_zero_init.obj            12      0         0      
       errno.obj                     0       0         8      
       stkdepth_vars.obj             0       0         8      
       pre_init.obj                  4       0         0      
       mpu_init.obj                  2       0         0      
       startup.obj                   2       0         0      
    +--+-----------------------------+-------+---------+---------+
       Total:                        12844   257       1928   
                                                              
       Heap:                         0       0         2048   
       Stack:                        0       0         1024   
       Linker Generated:             0       153       0      
    +--+-----------------------------+-------+---------+---------+
       Grand Total:                  16606   638       5060   


LINKER GENERATED COPY TABLES

__TI_cinit_table @ 00004360 records: 2, size/record: 8, table size: 16
	.data: load addr=000042d0, load size=00000075 bytes, run addr=20000400, run size=00000214 bytes, compression=lzss
	.bss: load addr=00004358, load size=00000008 bytes, run addr=20000614, run size=000001ce bytes, compression=zero_init


LINKER GENERATED HANDLER TABLE

__TI_handler_table @ 00004348 records: 3, size/record: 4, table size: 12
	index: 0, handler: __TI_decompress_lzss
	index: 1, handler: __TI_decompress_none
	index: 2, handler: __TI_zero_init


GLOBAL SYMBOLS: SORTED ALPHABETICALLY BY Name 

address   name                           
-------   ----                           
000041b7  ADC14_IRQHandler               
000041b7  AES256_IRQHandler              
000041b7  BusFault_Handler               
00003ea5  C$$EXIT                        
00003cef  C$$IO$$                        
000041b7  COMP_E0_IRQHandler             
000041b7  COMP_E1_IRQHandler             
000041b7  CS_IRQHandler                  
00002a01  Clear_LCD                      
000041b7  DMA_ERR_IRQHandler             
000041b7  DMA_INT0_IRQHandler            
000041b7  DMA_INT1_IRQHandler            
000041b7  DMA_INT2_IRQHandler            
000041b7  DMA_INT3_IRQHandler            
000041b7  DebugMon_Handler               
000041b7  Default_Handler                
00002301  Drive_DAC                      
000041b7  EUSCIA0_IRQHandler             
000041b7  EUSCIA1_IRQHandler             
00002e9d  EUSCIA2_IRQHandler             
00002e9d  EUSCIA2_IRQHandler             
000041b7  EUSCIA3_IRQHandler             
000041b7  EUSCIB0_IRQHandler             
000041b7  EUSCIB1_IRQHandler             
000041b7  EUSCIB2_IRQHandler             
000041b7  EUSCIB3_IRQHandler             
000041b7  FLCTL_IRQHandler               
000041b7  FPU_IRQHandler                 
00001bfb  HOSTclock                      
00001bc3  HOSTclose                      
00001b85  HOSTgetenv                     
00001b29  HOSTlseek                      
00001ad7  HOSTopen                       
00001a8b  HOSTread                       
00001a2d  HOSTrename                     
000019f3  HOSTtime                       
000019a5  HOSTtime64                     
0000196d  HOSTunlink                     
00001921  HOSTwrite                      
000041b7  HardFault_Handler              
00002a15  Home_LCD                       
00002b4b  LCD_command                    
00002b89  LCD_data                       
00002a83  LCD_init                       
00002af1  LCD_nibble_write               
000041b7  MemManage_Handler              
000041b7  NMI_Handler                    
000041b7  PCM_IRQHandler                 
000041b7  PORT1_IRQHandler               
000041b7  PORT2_IRQHandler               
000041b7  PORT3_IRQHandler               
000041b7  PORT4_IRQHandler               
000041b7  PORT5_IRQHandler               
000041b7  PORT6_IRQHandler               
000041b7  PSS_IRQHandler                 
000041b7  PendSV_Handler                 
000041b7  RTC_C_IRQHandler               
000041ab  Reset_Handler                  
UNDEFED   SHT$$INIT_ARRAY$$Base          
UNDEFED   SHT$$INIT_ARRAY$$Limit         
000041b7  SVC_Handler                    
00002a29  SetCursorLocation              
000041b7  SysTick_Handler                
2000060c  SystemCoreClock                
000015f5  SystemCoreClockUpdate          
00001869  SystemInit                     
000041b7  T32_INT1_IRQHandler            
000041b7  T32_INT2_IRQHandler            
000041b7  T32_INTC_IRQHandler            
000041b7  TA0_0_IRQHandler               
00002e41  TA0_N_IRQHandler               
00002e41  TA0_N_IRQHandler               
000041b7  TA1_0_IRQHandler               
000041b7  TA1_N_IRQHandler               
000041b7  TA2_0_IRQHandler               
00002e25  TA2_N_IRQHandler               
00002e25  TA2_N_IRQHandler               
000041b7  TA3_0_IRQHandler               
000041b7  TA3_N_IRQHandler               
00002249  UART2_init                     
000041b7  UsageFault_Handler             
4000480c  WDTCTL_SYM                     
000041b7  WDT_A_IRQHandler               
00002a41  WriteCharacter                 
00002a5b  WriteLine                      
20000614  __CIOBUF_                      
20010000  __STACK_END                    
00000200  __STACK_SIZE                   
00000400  __SYSMEM_SIZE                  
00004360  __TI_CINIT_Base                
00004370  __TI_CINIT_Limit               
00004348  __TI_Handler_Table_Base        
00004354  __TI_Handler_Table_Limit       
00003b0d  __TI_auto_init                 
00002745  __TI_cleanup                   
200005d0  __TI_cleanup_ptr               
00003855  __TI_closefile                 
00003c59  __TI_decompress_lzss           
0000419d  __TI_decompress_none           
00003645  __TI_doflush                   
200005d4  __TI_dtors_ptr                 
200005d8  __TI_enable_exit_profile_output
200005c0  __TI_ft_end                    
ffffffff  __TI_pprof_out_hndl            
00000929  __TI_printfi                   
ffffffff  __TI_prof_data_size            
ffffffff  __TI_prof_data_start           
0000376f  __TI_rd_ok                     
00003cf3  __TI_readmsg                   
00000000  __TI_static_base__             
20000734  __TI_tmpnams                   
00003cc1  __TI_writemsg                  
0000370d  __TI_wrt_ok                    
000041b9  __TI_zero_init                 
00003985  __aeabi_cdcmpeq                
00003985  __aeabi_cdcmple                
00003a0b  __aeabi_cdrcmple               
00003fe5  __aeabi_d2iz                   
00002bcb  __aeabi_dadd                   
00002f21  __aeabi_ddiv                   
000032a5  __aeabi_dmul                   
00002bc1  __aeabi_dsub                   
0000402d  __aeabi_f2d                    
0000409b  __aeabi_i2d                    
00003a91  __aeabi_memclr                 
00003a91  __aeabi_memclr4                
00003a91  __aeabi_memclr8                
000037b9  __aeabi_memcpy                 
000037b9  __aeabi_memcpy4                
000037b9  __aeabi_memcpy8                
00003a93  __aeabi_memset                 
00003a93  __aeabi_memset4                
00003a93  __aeabi_memset8                
200005cc  __aeabi_stderr                 
200005c4  __aeabi_stdin                  
200005c8  __aeabi_stdout                 
00002489  __aeabi_uldivmod               
ffffffff  __binit__                      
ffffffff  __c_args__                     
00001223  __mpu_init                     
2000fe00  __stack                        
00004105  _args_main                     
00003e51  _c_int00                       
000041c8  _ctypes_                       
20000400  _ftable                        
200005f4  _lock                          
0000415b  _nop                           
00004153  _register_lock                 
0000414d  _register_unlock               
20000000  _sys_memory                    
00002d77  _system_post_cinit             
000041c5  _system_pre_init               
200005f8  _unlock                        
00003ea9  abort                          
00001ea5  add_device                     
00003f4d  atoi                           
ffffffff  binit                          
000015c5  calloc                         
000029a7  check_distance_flag            
00002977  check_distance_rising_flag     
0000299f  clear_distance_flag            
00001e55  close                          
00003f99  copy_in                        
00004161  copysign                       
00004161  copysignl                      
00003241  dec_occupants_LCD              
00001f51  delay_ms                       
00001fe9  delay_ns                       
0000296f  detect_distance_falling_flag   
00002967  detect_distance_rising_flag    
00002841  distance_init                  
20000600  errno                          
00003eb1  exit                           
000038bb  fclose                         
00003691  fflush                         
0000279b  fopen                          
00003bf5  fprintf                        
000038ed  fputc                          
00003059  fputs                          
0000130f  free                           
00002771  freopen                        
00003d8d  frexp                          
00003d8d  frexpl                         
00003d29  fseek                          
000022a9  get_DAC_value                  
0000293b  get_distance                   
0000320d  inc_occupants_LCD              
00002351  initSPI                        
0000318d  init_UI                        
00000000  interruptVectors               
000022e7  is_proper_DAC                  
000033a1  ldexp                          
000033a1  ldexpl                         
00001e31  lseek                          
00003ef9  ltoa                           
00002da5  main                           
20000608  main_func_sp                   
000012a5  malloc                         
000014d9  memalign                       
000040e9  memccpy                        
000040c9  memchr                         
000037b9  memcpy                         
00003a99  memset                         
00001225  minit                          
00001d83  open                           
00003579  perror                         
000023eb  print_float_to_terminal        
000023a7  print_to_terminal              
00003b85  printf                         
000038ed  putc                           
00003971  putchar                        
00003165  puts                           
00001d5f  read                           
000013d1  realloc                        
00001cd5  remove                         
00001d37  remove_device                  
00001cf9  rename                         
00002921  save_final_distance_time       
0000290d  save_init_distance_time        
00002983  save_pulse_time                
000033a1  scalbn                         
000033a1  scalbnl                        
00002081  set_DCO                        
00002997  set_distance_flag              
0000349d  setvbuf                        
00003df1  sprintf                        
000028ed  start_meas_distance            
00004135  strchr                         
0000411d  strcmp                         
00004175  strcpy                         
00004189  strlen                         
00004065  strncpy                        
00001cd5  unlink                         
000031df  update_UI_distance             
00001c45  write                          


GLOBAL SYMBOLS: SORTED BY Symbol Address 

address   name                           
-------   ----                           
00000000  __TI_static_base__             
00000000  interruptVectors               
00000200  __STACK_SIZE                   
00000400  __SYSMEM_SIZE                  
00000929  __TI_printfi                   
00001223  __mpu_init                     
00001225  minit                          
000012a5  malloc                         
0000130f  free                           
000013d1  realloc                        
000014d9  memalign                       
000015c5  calloc                         
000015f5  SystemCoreClockUpdate          
00001869  SystemInit                     
00001921  HOSTwrite                      
0000196d  HOSTunlink                     
000019a5  HOSTtime64                     
000019f3  HOSTtime                       
00001a2d  HOSTrename                     
00001a8b  HOSTread                       
00001ad7  HOSTopen                       
00001b29  HOSTlseek                      
00001b85  HOSTgetenv                     
00001bc3  HOSTclose                      
00001bfb  HOSTclock                      
00001c45  write                          
00001cd5  remove                         
00001cd5  unlink                         
00001cf9  rename                         
00001d37  remove_device                  
00001d5f  read                           
00001d83  open                           
00001e31  lseek                          
00001e55  close                          
00001ea5  add_device                     
00001f51  delay_ms                       
00001fe9  delay_ns                       
00002081  set_DCO                        
00002249  UART2_init                     
000022a9  get_DAC_value                  
000022e7  is_proper_DAC                  
00002301  Drive_DAC                      
00002351  initSPI                        
000023a7  print_to_terminal              
000023eb  print_float_to_terminal        
00002489  __aeabi_uldivmod               
00002745  __TI_cleanup                   
00002771  freopen                        
0000279b  fopen                          
00002841  distance_init                  
000028ed  start_meas_distance            
0000290d  save_init_distance_time        
00002921  save_final_distance_time       
0000293b  get_distance                   
00002967  detect_distance_rising_flag    
0000296f  detect_distance_falling_flag   
00002977  check_distance_rising_flag     
00002983  save_pulse_time                
00002997  set_distance_flag              
0000299f  clear_distance_flag            
000029a7  check_distance_flag            
00002a01  Clear_LCD                      
00002a15  Home_LCD                       
00002a29  SetCursorLocation              
00002a41  WriteCharacter                 
00002a5b  WriteLine                      
00002a83  LCD_init                       
00002af1  LCD_nibble_write               
00002b4b  LCD_command                    
00002b89  LCD_data                       
00002bc1  __aeabi_dsub                   
00002bcb  __aeabi_dadd                   
00002d77  _system_post_cinit             
00002da5  main                           
00002e25  TA2_N_IRQHandler               
00002e25  TA2_N_IRQHandler               
00002e41  TA0_N_IRQHandler               
00002e41  TA0_N_IRQHandler               
00002e9d  EUSCIA2_IRQHandler             
00002e9d  EUSCIA2_IRQHandler             
00002f21  __aeabi_ddiv                   
00003059  fputs                          
00003165  puts                           
0000318d  init_UI                        
000031df  update_UI_distance             
0000320d  inc_occupants_LCD              
00003241  dec_occupants_LCD              
000032a5  __aeabi_dmul                   
000033a1  ldexp                          
000033a1  ldexpl                         
000033a1  scalbn                         
000033a1  scalbnl                        
0000349d  setvbuf                        
00003579  perror                         
00003645  __TI_doflush                   
00003691  fflush                         
0000370d  __TI_wrt_ok                    
0000376f  __TI_rd_ok                     
000037b9  __aeabi_memcpy                 
000037b9  __aeabi_memcpy4                
000037b9  __aeabi_memcpy8                
000037b9  memcpy                         
00003855  __TI_closefile                 
000038bb  fclose                         
000038ed  fputc                          
000038ed  putc                           
00003971  putchar                        
00003985  __aeabi_cdcmpeq                
00003985  __aeabi_cdcmple                
00003a0b  __aeabi_cdrcmple               
00003a91  __aeabi_memclr                 
00003a91  __aeabi_memclr4                
00003a91  __aeabi_memclr8                
00003a93  __aeabi_memset                 
00003a93  __aeabi_memset4                
00003a93  __aeabi_memset8                
00003a99  memset                         
00003b0d  __TI_auto_init                 
00003b85  printf                         
00003bf5  fprintf                        
00003c59  __TI_decompress_lzss           
00003cc1  __TI_writemsg                  
00003cef  C$$IO$$                        
00003cf3  __TI_readmsg                   
00003d29  fseek                          
00003d8d  frexp                          
00003d8d  frexpl                         
00003df1  sprintf                        
00003e51  _c_int00                       
00003ea5  C$$EXIT                        
00003ea9  abort                          
00003eb1  exit                           
00003ef9  ltoa                           
00003f4d  atoi                           
00003f99  copy_in                        
00003fe5  __aeabi_d2iz                   
0000402d  __aeabi_f2d                    
00004065  strncpy                        
0000409b  __aeabi_i2d                    
000040c9  memchr                         
000040e9  memccpy                        
00004105  _args_main                     
0000411d  strcmp                         
00004135  strchr                         
0000414d  _register_unlock               
00004153  _register_lock                 
0000415b  _nop                           
00004161  copysign                       
00004161  copysignl                      
00004175  strcpy                         
00004189  strlen                         
0000419d  __TI_decompress_none           
000041ab  Reset_Handler                  
000041b7  ADC14_IRQHandler               
000041b7  AES256_IRQHandler              
000041b7  BusFault_Handler               
000041b7  COMP_E0_IRQHandler             
000041b7  COMP_E1_IRQHandler             
000041b7  CS_IRQHandler                  
000041b7  DMA_ERR_IRQHandler             
000041b7  DMA_INT0_IRQHandler            
000041b7  DMA_INT1_IRQHandler            
000041b7  DMA_INT2_IRQHandler            
000041b7  DMA_INT3_IRQHandler            
000041b7  DebugMon_Handler               
000041b7  Default_Handler                
000041b7  EUSCIA0_IRQHandler             
000041b7  EUSCIA1_IRQHandler             
000041b7  EUSCIA3_IRQHandler             
000041b7  EUSCIB0_IRQHandler             
000041b7  EUSCIB1_IRQHandler             
000041b7  EUSCIB2_IRQHandler             
000041b7  EUSCIB3_IRQHandler             
000041b7  FLCTL_IRQHandler               
000041b7  FPU_IRQHandler                 
000041b7  HardFault_Handler              
000041b7  MemManage_Handler              
000041b7  NMI_Handler                    
000041b7  PCM_IRQHandler                 
000041b7  PORT1_IRQHandler               
000041b7  PORT2_IRQHandler               
000041b7  PORT3_IRQHandler               
000041b7  PORT4_IRQHandler               
000041b7  PORT5_IRQHandler               
000041b7  PORT6_IRQHandler               
000041b7  PSS_IRQHandler                 
000041b7  PendSV_Handler                 
000041b7  RTC_C_IRQHandler               
000041b7  SVC_Handler                    
000041b7  SysTick_Handler                
000041b7  T32_INT1_IRQHandler            
000041b7  T32_INT2_IRQHandler            
000041b7  T32_INTC_IRQHandler            
000041b7  TA0_0_IRQHandler               
000041b7  TA1_0_IRQHandler               
000041b7  TA1_N_IRQHandler               
000041b7  TA2_0_IRQHandler               
000041b7  TA3_0_IRQHandler               
000041b7  TA3_N_IRQHandler               
000041b7  UsageFault_Handler             
000041b7  WDT_A_IRQHandler               
000041b9  __TI_zero_init                 
000041c5  _system_pre_init               
000041c8  _ctypes_                       
00004348  __TI_Handler_Table_Base        
00004354  __TI_Handler_Table_Limit       
00004360  __TI_CINIT_Base                
00004370  __TI_CINIT_Limit               
20000000  _sys_memory                    
20000400  _ftable                        
200005c0  __TI_ft_end                    
200005c4  __aeabi_stdin                  
200005c8  __aeabi_stdout                 
200005cc  __aeabi_stderr                 
200005d0  __TI_cleanup_ptr               
200005d4  __TI_dtors_ptr                 
200005d8  __TI_enable_exit_profile_output
200005f4  _lock                          
200005f8  _unlock                        
20000600  errno                          
20000608  main_func_sp                   
2000060c  SystemCoreClock                
20000614  __CIOBUF_                      
20000734  __TI_tmpnams                   
2000fe00  __stack                        
20010000  __STACK_END                    
4000480c  WDTCTL_SYM                     
ffffffff  __TI_pprof_out_hndl            
ffffffff  __TI_prof_data_size            
ffffffff  __TI_prof_data_start           
ffffffff  __binit__                      
ffffffff  __c_args__                     
ffffffff  binit                          
UNDEFED   SHT$$INIT_ARRAY$$Base          
UNDEFED   SHT$$INIT_ARRAY$$Limit         

[235 symbols]
